Archive member included to satisfy reference by file (symbol)

/home/tom/apps/eclipse/plugins/fr.ac6.mcu.externaltools.arm-none.linux64_1.13.1.201703061524/tools/compiler/bin/../lib/gcc/arm-none-eabi/5.4.1/armv7e-m/fpu/libgcc.a(_aeabi_uldivmod.o)
                              Drivers/STM32F4xx_HAL_Driver/Src/stm32f4xx_hal_rcc.o (__aeabi_uldivmod)
/home/tom/apps/eclipse/plugins/fr.ac6.mcu.externaltools.arm-none.linux64_1.13.1.201703061524/tools/compiler/bin/../lib/gcc/arm-none-eabi/5.4.1/armv7e-m/fpu/libgcc.a(_udivmoddi4.o)
                              /home/tom/apps/eclipse/plugins/fr.ac6.mcu.externaltools.arm-none.linux64_1.13.1.201703061524/tools/compiler/bin/../lib/gcc/arm-none-eabi/5.4.1/armv7e-m/fpu/libgcc.a(_aeabi_uldivmod.o) (__udivmoddi4)
/home/tom/apps/eclipse/plugins/fr.ac6.mcu.externaltools.arm-none.linux64_1.13.1.201703061524/tools/compiler/bin/../lib/gcc/arm-none-eabi/5.4.1/armv7e-m/fpu/libgcc.a(_dvmd_tls.o)
                              /home/tom/apps/eclipse/plugins/fr.ac6.mcu.externaltools.arm-none.linux64_1.13.1.201703061524/tools/compiler/bin/../lib/gcc/arm-none-eabi/5.4.1/armv7e-m/fpu/libgcc.a(_aeabi_uldivmod.o) (__aeabi_ldiv0)
/home/tom/apps/eclipse/plugins/fr.ac6.mcu.externaltools.arm-none.linux64_1.13.1.201703061524/tools/compiler/bin/../lib/gcc/arm-none-eabi/5.4.1/../../../../arm-none-eabi/lib/armv7e-m/fpu/libc_nano.a(lib_a-errno.o)
                              Src/syscalls.o (__errno)
/home/tom/apps/eclipse/plugins/fr.ac6.mcu.externaltools.arm-none.linux64_1.13.1.201703061524/tools/compiler/bin/../lib/gcc/arm-none-eabi/5.4.1/../../../../arm-none-eabi/lib/armv7e-m/fpu/libc_nano.a(lib_a-exit.o)
                              /home/tom/apps/eclipse/plugins/fr.ac6.mcu.externaltools.arm-none.linux64_1.13.1.201703061524/tools/compiler/bin/../lib/gcc/arm-none-eabi/5.4.1/../../../../arm-none-eabi/lib/armv7e-m/fpu/crt0.o (exit)
/home/tom/apps/eclipse/plugins/fr.ac6.mcu.externaltools.arm-none.linux64_1.13.1.201703061524/tools/compiler/bin/../lib/gcc/arm-none-eabi/5.4.1/../../../../arm-none-eabi/lib/armv7e-m/fpu/libc_nano.a(lib_a-impure.o)
                              /home/tom/apps/eclipse/plugins/fr.ac6.mcu.externaltools.arm-none.linux64_1.13.1.201703061524/tools/compiler/bin/../lib/gcc/arm-none-eabi/5.4.1/../../../../arm-none-eabi/lib/armv7e-m/fpu/libc_nano.a(lib_a-exit.o) (_global_impure_ptr)
/home/tom/apps/eclipse/plugins/fr.ac6.mcu.externaltools.arm-none.linux64_1.13.1.201703061524/tools/compiler/bin/../lib/gcc/arm-none-eabi/5.4.1/../../../../arm-none-eabi/lib/armv7e-m/fpu/libc_nano.a(lib_a-init.o)
                              /home/tom/apps/eclipse/plugins/fr.ac6.mcu.externaltools.arm-none.linux64_1.13.1.201703061524/tools/compiler/bin/../lib/gcc/arm-none-eabi/5.4.1/../../../../arm-none-eabi/lib/armv7e-m/fpu/crt0.o (__libc_init_array)
/home/tom/apps/eclipse/plugins/fr.ac6.mcu.externaltools.arm-none.linux64_1.13.1.201703061524/tools/compiler/bin/../lib/gcc/arm-none-eabi/5.4.1/../../../../arm-none-eabi/lib/armv7e-m/fpu/libc_nano.a(lib_a-memcpy-stub.o)
                              Src/MY_LIS3DSH.o (memcpy)
/home/tom/apps/eclipse/plugins/fr.ac6.mcu.externaltools.arm-none.linux64_1.13.1.201703061524/tools/compiler/bin/../lib/gcc/arm-none-eabi/5.4.1/../../../../arm-none-eabi/lib/armv7e-m/fpu/libc_nano.a(lib_a-memset.o)
                              /home/tom/apps/eclipse/plugins/fr.ac6.mcu.externaltools.arm-none.linux64_1.13.1.201703061524/tools/compiler/bin/../lib/gcc/arm-none-eabi/5.4.1/../../../../arm-none-eabi/lib/armv7e-m/fpu/crt0.o (memset)
/home/tom/apps/eclipse/plugins/fr.ac6.mcu.externaltools.arm-none.linux64_1.13.1.201703061524/tools/compiler/bin/../lib/gcc/arm-none-eabi/5.4.1/../../../../arm-none-eabi/lib/armv7e-m/fpu/libc_nano.a(lib_a-nano-vfprintf_float.o)
                              (_printf_float)
/home/tom/apps/eclipse/plugins/fr.ac6.mcu.externaltools.arm-none.linux64_1.13.1.201703061524/tools/compiler/bin/../lib/gcc/arm-none-eabi/5.4.1/../../../../arm-none-eabi/lib/armv7e-m/fpu/libc_nano.a(lib_a-nano-vfprintf_i.o)
                              /home/tom/apps/eclipse/plugins/fr.ac6.mcu.externaltools.arm-none.linux64_1.13.1.201703061524/tools/compiler/bin/../lib/gcc/arm-none-eabi/5.4.1/../../../../arm-none-eabi/lib/armv7e-m/fpu/libc_nano.a(lib_a-nano-vfprintf_float.o) (_printf_common)
/home/tom/apps/eclipse/plugins/fr.ac6.mcu.externaltools.arm-none.linux64_1.13.1.201703061524/tools/compiler/bin/../lib/gcc/arm-none-eabi/5.4.1/../../../../arm-none-eabi/lib/armv7e-m/fpu/libc_nano.a(lib_a-strlen.o)
                              /home/tom/apps/eclipse/plugins/fr.ac6.mcu.externaltools.arm-none.linux64_1.13.1.201703061524/tools/compiler/bin/../lib/gcc/arm-none-eabi/5.4.1/../../../../arm-none-eabi/lib/armv7e-m/fpu/libc_nano.a(lib_a-nano-vfprintf_float.o) (strlen)
/home/tom/apps/eclipse/plugins/fr.ac6.mcu.externaltools.arm-none.linux64_1.13.1.201703061524/tools/compiler/bin/../lib/gcc/arm-none-eabi/5.4.1/../../../../arm-none-eabi/lib/armv7e-m/fpu/libc_nano.a(lib_a-dtoa.o)
[...]
Memory Configuration

Name             Origin             Length             Attributes
RAM              0x20000000         0x00020000         xrw
CCMRAM           0x10000000         0x00010000         rw
FLASH            0x08000000         0x00100000         xr
*default*        0x00000000         0xffffffff

Linker script and memory map

LOAD /home/tom/apps/eclipse/plugins/fr.ac6.mcu.externaltools.arm-none.linux64_1.13.1.201703061524/tools/compiler/bin/../lib/gcc/arm-none-eabi/5.4.1/armv7e-m/fpu/crti.o
LOAD /home/tom/apps/eclipse/plugins/fr.ac6.mcu.externaltools.arm-none.linux64_1.13.1.201703061524/tools/compiler/bin/../lib/gcc/arm-none-eabi/5.4.1/armv7e-m/fpu/crtbegin.o
LOAD /home/tom/apps/eclipse/plugins/fr.ac6.mcu.externaltools.arm-none.linux64_1.13.1.201703061524/tools/compiler/bin/../lib/gcc/arm-none-eabi/5.4.1/../../../../arm-none-eabi/lib/armv7e-m/fpu/crt0.o
LOAD /home/tom/apps/eclipse/plugins/fr.ac6.mcu.externaltools.arm-none.linux64_1.13.1.201703061524/tools/compiler/bin/../lib/gcc/arm-none-eabi/5.4.1/../../../../arm-none-eabi/lib/armv7e-m/fpu/libm.a
LOAD Drivers/STM32F4xx_HAL_Driver/Src/stm32f4xx_hal.o
LOAD Drivers/STM32F4xx_HAL_Driver/Src/stm32f4xx_hal_cortex.o
LOAD Drivers/STM32F4xx_HAL_Driver/Src/stm32f4xx_hal_dma.o
LOAD Drivers/STM32F4xx_HAL_Driver/Src/stm32f4xx_hal_dma_ex.o
LOAD Drivers/STM32F4xx_HAL_Driver/Src/stm32f4xx_hal_exti.o
LOAD Drivers/STM32F4xx_HAL_Driver/Src/stm32f4xx_hal_flash.o
LOAD Drivers/STM32F4xx_HAL_Driver/Src/stm32f4xx_hal_flash_ex.o
LOAD Drivers/STM32F4xx_HAL_Driver/Src/stm32f4xx_hal_flash_ramfunc.o
LOAD Drivers/STM32F4xx_HAL_Driver/Src/stm32f4xx_hal_gpio.o
LOAD Drivers/STM32F4xx_HAL_Driver/Src/stm32f4xx_hal_pwr.o
LOAD Drivers/STM32F4xx_HAL_Driver/Src/stm32f4xx_hal_pwr_ex.o
LOAD Drivers/STM32F4xx_HAL_Driver/Src/stm32f4xx_hal_rcc.o
LOAD Drivers/STM32F4xx_HAL_Driver/Src/stm32f4xx_hal_rcc_ex.o
LOAD Drivers/STM32F4xx_HAL_Driver/Src/stm32f4xx_hal_spi.o
LOAD Drivers/STM32F4xx_HAL_Driver/Src/stm32f4xx_hal_tim.o
LOAD Drivers/STM32F4xx_HAL_Driver/Src/stm32f4xx_hal_tim_ex.o
LOAD Drivers/STM32F4xx_HAL_Driver/Src/stm32f4xx_hal_uart.o
LOAD Src/MY_LIS3DSH.o
LOAD Src/drone.o
LOAD Src/main.o
LOAD Src/stm32f4xx_hal_msp.o
LOAD Src/stm32f4xx_it.o
LOAD Src/syscalls.o
LOAD Src/system_stm32f4xx.o
LOAD Src/utils.o
LOAD startup/startup_stm32f407xx.o
START GROUP
LOAD /home/tom/apps/eclipse/plugins/fr.ac6.mcu.externaltools.arm-none.linux64_1.13.1.201703061524/tools/compiler/bin/../lib/gcc/arm-none-eabi/5.4.1/armv7e-m/fpu/libgcc.a
LOAD /home/tom/apps/eclipse/plugins/fr.ac6.mcu.externaltools.arm-none.linux64_1.13.1.201703061524/tools/compiler/bin/../lib/gcc/arm-none-eabi/5.4.1/../../../../arm-none-eabi/lib/armv7e-m/fpu/libc_nano.a
END GROUP
START GROUP
LOAD /home/tom/apps/eclipse/plugins/fr.ac6.mcu.externaltools.arm-none.linux64_1.13.1.201703061524/tools/compiler/bin/../lib/gcc/arm-none-eabi/5.4.1/armv7e-m/fpu/libgcc.a
LOAD /home/tom/apps/eclipse/plugins/fr.ac6.mcu.externaltools.arm-none.linux64_1.13.1.201703061524/tools/compiler/bin/../lib/gcc/arm-none-eabi/5.4.1/../../../../arm-none-eabi/lib/armv7e-m/fpu/libc_nano.a
LOAD /home/tom/apps/eclipse/plugins/fr.ac6.mcu.externaltools.arm-none.linux64_1.13.1.201703061524/tools/compiler/bin/../lib/gcc/arm-none-eabi/5.4.1/../../../../arm-none-eabi/lib/armv7e-m/fpu/libnosys.a
END GROUP
START GROUP
LOAD /home/tom/apps/eclipse/plugins/fr.ac6.mcu.externaltools.arm-none.linux64_1.13.1.201703061524/tools/compiler/bin/../lib/gcc/arm-none-eabi/5.4.1/armv7e-m/fpu/libgcc.a
LOAD /home/tom/apps/eclipse/plugins/fr.ac6.mcu.externaltools.arm-none.linux64_1.13.1.201703061524/tools/compiler/bin/../lib/gcc/arm-none-eabi/5.4.1/../../../../arm-none-eabi/lib/armv7e-m/fpu/libc_nano.a
LOAD /home/tom/apps/eclipse/plugins/fr.ac6.mcu.externaltools.arm-none.linux64_1.13.1.201703061524/tools/compiler/bin/../lib/gcc/arm-none-eabi/5.4.1/../../../../arm-none-eabi/lib/armv7e-m/fpu/libnosys.a
END GROUP
LOAD /home/tom/apps/eclipse/plugins/fr.ac6.mcu.externaltools.arm-none.linux64_1.13.1.201703061524/tools/compiler/bin/../lib/gcc/arm-none-eabi/5.4.1/armv7e-m/fpu/crtend.o
LOAD /home/tom/apps/eclipse/plugins/fr.ac6.mcu.externaltools.arm-none.linux64_1.13.1.201703061524/tools/compiler/bin/../lib/gcc/arm-none-eabi/5.4.1/armv7e-m/fpu/crtn.o
                0x20020000                _estack = 0x20020000
                0x00000200                _Min_Heap_Size = 0x200
                0x00000400                _Min_Stack_Size = 0x400

.isr_vector     0x08000000      0x188
                0x08000000                . = ALIGN (0x4)
 *(.isr_vector)
 .isr_vector    0x08000000      0x188 startup/startup_stm32f407xx.o
                0x08000000                g_pfnVectors
                0x08000188                . = ALIGN (0x4)

.text           0x08000188     0x65e4
                0x08000188                . = ALIGN (0x4)
 *(.text)
 .text          0x08000188       0x5c /home/tom/apps/eclipse/plugins/fr.ac6.mcu.externaltools.arm-none.linux64_1.13.1.201703061524/tools/compiler/bin/../lib/gcc/arm-none-eabi/5.4.1/armv7e-m/fpu/crtbegin.o
 .text          0x080001e4       0x30 /home/tom/apps/eclipse/plugins/fr.ac6.mcu.externaltools.arm-none.linux64_1.13.1.201703061524/tools/compiler/bin/../lib/gcc/arm-none-eabi/5.4.1/armv7e-m/fpu/libgcc.a(_aeabi_uldivmod.o)
                0x080001e4                __aeabi_uldivmod
 .text          0x08000214      0x2e4 /home/tom/apps/eclipse/plugins/fr.ac6.mcu.externaltools.arm-none.linux64_1.13.1.201703061524/tools/compiler/bin/../lib/gcc/arm-none-eabi/5.4.1/armv7e-m/fpu/libgcc.a(_udivmoddi4.o)
                0x08000214                __udivmoddi4
 .text          0x080004f8        0x4 /home/tom/apps/eclipse/plugins/fr.ac6.mcu.externaltools.arm-none.linux64_1.13.1.201703061524/tools/compiler/bin/../lib/gcc/arm-none-eabi/5.4.1/armv7e-m/fpu/libgcc.a(_dvmd_tls.o)
                0x080004f8                __aeabi_ldiv0
                0x080004f8                __aeabi_idiv0
 .text          0x080004fc       0x10 /home/tom/apps/eclipse/plugins/fr.ac6.mcu.externaltools.arm-none.linux64_1.13.1.201703061524/tools/compiler/bin/../lib/gcc/arm-none-eabi/5.4.1/../../../../arm-none-eabi/lib/armv7e-m/fpu/libc_nano.a(lib_a-strlen.o)
                0x080004fc                strlen
 .text          0x0800050c      0x370 /home/tom/apps/eclipse/plugins/fr.ac6.mcu.externaltools.arm-none.linux64_1.13.1.201703061524/tools/compiler/bin/../lib/gcc/arm-none-eabi/5.4.1/armv7e-m/fpu/libgcc.a(_arm_addsubdf3.o)
                0x0800050c                __aeabi_drsub
                0x08000514                __aeabi_dsub
                0x08000514                __subdf3
                0x08000518                __adddf3
                0x08000518                __aeabi_dadd
                0x08000790                __aeabi_ui2d
                0x08000790                __floatunsidf
                0x080007b0                __floatsidf
                0x080007b0                __aeabi_i2d
                0x080007d4                __extendsfdf2
                0x080007d4                __aeabi_f2d
                0x08000810                __aeabi_ul2d
                0x08000810                __floatundidf
                0x08000820                __floatdidf
                0x08000820                __aeabi_l2d
 .text          0x0800087c      0x424 /home/tom/apps/eclipse/plugins/fr.ac6.mcu.externaltools.arm-none.linux64_1.13.1.201703061524/tools/compiler/bin/../lib/gcc/arm-none-eabi/5.4.1/armv7e-m/fpu/libgcc.a(_arm_muldivdf3.o)
                0x0800087c                __aeabi_dmul
                0x0800087c                __muldf3
                0x08000ad0                __aeabi_ddiv
                0x08000ad0                __divdf3
 .text          0x08000ca0      0x110 /home/tom/apps/eclipse/plugins/fr.ac6.mcu.externaltools.arm-none.linux64_1.13.1.201703061524/tools/compiler/bin/../lib/gcc/arm-none-eabi/5.4.1/armv7e-m/fpu/libgcc.a(_arm_cmpdf2.o)
                0x08000ca0                __gtdf2
                0x08000ca0                __gedf2
                0x08000ca8                __ltdf2
                0x08000ca8                __ledf2
                0x08000cb0                __cmpdf2
                0x08000cb0                __eqdf2
                0x08000cb0                __nedf2
                0x08000d2c                __aeabi_cdrcmple
                0x08000d3c                __aeabi_cdcmple
                0x08000d3c                __aeabi_cdcmpeq
                0x08000d4c                __aeabi_dcmpeq
                0x08000d60                __aeabi_dcmplt
                0x08000d74                __aeabi_dcmple
                0x08000d88                __aeabi_dcmpge
                0x08000d9c                __aeabi_dcmpgt
 .text          0x08000db0       0x2c /home/tom/apps/eclipse/plugins/fr.ac6.mcu.externaltools.arm-none.linux64_1.13.1.201703061524/tools/compiler/bin/../lib/gcc/arm-none-eabi/5.4.1/armv7e-m/fpu/libgcc.a(_arm_unorddf2.o)
                0x08000db0                __aeabi_dcmpun
                0x08000db0                __unorddf2
 .text          0x08000ddc       0x50 /home/tom/apps/eclipse/plugins/fr.ac6.mcu.externaltools.arm-none.linux64_1.13.1.201703061524/tools/compiler/bin/../lib/gcc/arm-none-eabi/5.4.1/armv7e-m/fpu/libgcc.a(_arm_fixdfsi.o)
                0x08000ddc                __fixdfsi
                0x08000ddc                __aeabi_d2iz
 *(.text*)
 .text.HAL_Init
                0x08000e2c       0x44 Drivers/STM32F4xx_HAL_Driver/Src/stm32f4xx_hal.o
                0x08000e2c                HAL_Init
 .text.HAL_InitTick
                0x08000e70       0x60 Drivers/STM32F4xx_HAL_Driver/Src/stm32f4xx_hal.o
                0x08000e70                HAL_InitTick
 .text.HAL_IncTick
                0x08000ed0       0x28 Drivers/STM32F4xx_HAL_Driver/Src/stm32f4xx_hal.o
                0x08000ed0                HAL_IncTick
 .text.HAL_GetTick
                0x08000ef8       0x18 Drivers/STM32F4xx_HAL_Driver/Src/stm32f4xx_hal.o
                0x08000ef8                HAL_GetTick
 .text.HAL_Delay
                0x08000f10       0x44 Drivers/STM32F4xx_HAL_Driver/Src/stm32f4xx_hal.o
                0x08000f10                HAL_Delay
 .text.__NVIC_SetPriorityGrouping
                0x08000f54       0x48 Drivers/STM32F4xx_HAL_Driver/Src/stm32f4xx_hal_cortex.o
 .text.__NVIC_GetPriorityGrouping
                0x08000f9c       0x1c Drivers/STM32F4xx_HAL_Driver/Src/stm32f4xx_hal_cortex.o
 .text.__NVIC_ClearPendingIRQ
                0x08000fb8       0x3c Drivers/STM32F4xx_HAL_Driver/Src/stm32f4xx_hal_cortex.o
 .text.__NVIC_SetPriority
                0x08000ff4       0x54 Drivers/STM32F4xx_HAL_Driver/Src/stm32f4xx_hal_cortex.o
 .text.NVIC_EncodePriority
                0x08001048       0x64 Drivers/STM32F4xx_HAL_Driver/Src/stm32f4xx_hal_cortex.o
 .text.SysTick_Config
                0x080010ac       0x44 Drivers/STM32F4xx_HAL_Driver/Src/stm32f4xx_hal_cortex.o
 .text.HAL_NVIC_SetPriorityGrouping
                0x080010f0       0x18 Drivers/STM32F4xx_HAL_Driver/Src/stm32f4xx_hal_cortex.o
                0x080010f0                HAL_NVIC_SetPriorityGrouping
 .text.HAL_NVIC_SetPriority
                0x08001108       0x38 Drivers/STM32F4xx_HAL_Driver/Src/stm32f4xx_hal_cortex.o
                0x08001108                HAL_NVIC_SetPriority
 .text.HAL_SYSTICK_Config
                0x08001140       0x18 Drivers/STM32F4xx_HAL_Driver/Src/stm32f4xx_hal_cortex.o
                0x08001140                HAL_SYSTICK_Config
 .text.HAL_NVIC_ClearPendingIRQ
                0x08001158       0x1c Drivers/STM32F4xx_HAL_Driver/Src/stm32f4xx_hal_cortex.o
                0x08001158                HAL_NVIC_ClearPendingIRQ
 .text.HAL_GPIO_Init
                0x08001174      0x334 Drivers/STM32F4xx_HAL_Driver/Src/stm32f4xx_hal_gpio.o
                0x08001174                HAL_GPIO_Init
 .text.HAL_GPIO_ReadPin
                0x080014a8       0x30 Drivers/STM32F4xx_HAL_Driver/Src/stm32f4xx_hal_gpio.o
                0x080014a8                HAL_GPIO_ReadPin
 .text.HAL_GPIO_WritePin
                0x080014d8       0x34 Drivers/STM32F4xx_HAL_Driver/Src/stm32f4xx_hal_gpio.o
                0x080014d8                HAL_GPIO_WritePin
 .text.HAL_RCC_OscConfig
                0x0800150c      0x4dc Drivers/STM32F4xx_HAL_Driver/Src/stm32f4xx_hal_rcc.o
                0x0800150c                HAL_RCC_OscConfig
 .text.HAL_RCC_ClockConfig
                0x080019e8      0x1cc Drivers/STM32F4xx_HAL_Driver/Src/stm32f4xx_hal_rcc.o
                0x080019e8                HAL_RCC_ClockConfig
 .text.HAL_RCC_GetSysClockFreq
                0x08001bb4      0x1ac Drivers/STM32F4xx_HAL_Driver/Src/stm32f4xx_hal_rcc.o
                0x08001bb4                HAL_RCC_GetSysClockFreq
 .text.HAL_RCC_GetHCLKFreq
                0x08001d60       0x18 Drivers/STM32F4xx_HAL_Driver/Src/stm32f4xx_hal_rcc.o
                0x08001d60                HAL_RCC_GetHCLKFreq
 .text.HAL_RCC_GetPCLK1Freq
                0x08001d78       0x28 Drivers/STM32F4xx_HAL_Driver/Src/stm32f4xx_hal_rcc.o
                0x08001d78                HAL_RCC_GetPCLK1Freq
 .text.HAL_RCC_GetPCLK2Freq
                0x08001da0       0x28 Drivers/STM32F4xx_HAL_Driver/Src/stm32f4xx_hal_rcc.o
                0x08001da0                HAL_RCC_GetPCLK2Freq
 .text.HAL_SPI_Init
                0x08001dc8       0xc8 Drivers/STM32F4xx_HAL_Driver/Src/stm32f4xx_hal_spi.o
                0x08001dc8                HAL_SPI_Init
 .text.HAL_SPI_Transmit
                0x08001e90      0x264 Drivers/STM32F4xx_HAL_Driver/Src/stm32f4xx_hal_spi.o
                0x08001e90                HAL_SPI_Transmit
 .text.HAL_SPI_Receive
                0x080020f4      0x20c Drivers/STM32F4xx_HAL_Driver/Src/stm32f4xx_hal_spi.o
                0x080020f4                HAL_SPI_Receive
 .text.HAL_SPI_TransmitReceive
                0x08002300      0x340 Drivers/STM32F4xx_HAL_Driver/Src/stm32f4xx_hal_spi.o
                0x08002300                HAL_SPI_TransmitReceive
 .text.SPI_WaitFlagStateUntilTimeout
                0x08002640       0xd4 Drivers/STM32F4xx_HAL_Driver/Src/stm32f4xx_hal_spi.o
 .text.SPI_EndRxTransaction
                0x08002714       0xcc Drivers/STM32F4xx_HAL_Driver/Src/stm32f4xx_hal_spi.o
 .text.SPI_EndRxTxTransaction
                0x080027e0       0x84 Drivers/STM32F4xx_HAL_Driver/Src/stm32f4xx_hal_spi.o
 .text.HAL_TIM_Base_Init
                0x08002864       0x58 Drivers/STM32F4xx_HAL_Driver/Src/stm32f4xx_hal_tim.o
                0x08002864                HAL_TIM_Base_Init
 .text.HAL_TIM_PWM_Init
                0x080028bc       0x58 Drivers/STM32F4xx_HAL_Driver/Src/stm32f4xx_hal_tim.o
                0x080028bc                HAL_TIM_PWM_Init
 .text.HAL_TIM_PWM_MspInit
                0x08002914       0x14 Drivers/STM32F4xx_HAL_Driver/Src/stm32f4xx_hal_tim.o
                0x08002914                HAL_TIM_PWM_MspInit
 .text.HAL_TIM_PWM_Start
                0x08002928       0x7c Drivers/STM32F4xx_HAL_Driver/Src/stm32f4xx_hal_tim.o
                0x08002928                HAL_TIM_PWM_Start
 .text.HAL_TIM_PWM_ConfigChannel
                0x080029a4      0x18c Drivers/STM32F4xx_HAL_Driver/Src/stm32f4xx_hal_tim.o
                0x080029a4                HAL_TIM_PWM_ConfigChannel
 .text.HAL_TIM_ConfigClockSource
                0x08002b30      0x170 Drivers/STM32F4xx_HAL_Driver/Src/stm32f4xx_hal_tim.o
                0x08002b30                HAL_TIM_ConfigClockSource
 .text.TIM_Base_SetConfig
                0x08002ca0      0x140 Drivers/STM32F4xx_HAL_Driver/Src/stm32f4xx_hal_tim.o
                0x08002ca0                TIM_Base_SetConfig
 .text.TIM_OC1_SetConfig
                0x08002de0       0xe0 Drivers/STM32F4xx_HAL_Driver/Src/stm32f4xx_hal_tim.o
 .text.TIM_OC2_SetConfig
                0x08002ec0       0xec Drivers/STM32F4xx_HAL_Driver/Src/stm32f4xx_hal_tim.o
                0x08002ec0                TIM_OC2_SetConfig
 .text.TIM_OC3_SetConfig
                0x08002fac       0xe8 Drivers/STM32F4xx_HAL_Driver/Src/stm32f4xx_hal_tim.o
 .text.TIM_OC4_SetConfig
                0x08003094       0xac Drivers/STM32F4xx_HAL_Driver/Src/stm32f4xx_hal_tim.o
 .text.TIM_TI1_ConfigInputStage
                0x08003140       0x60 Drivers/STM32F4xx_HAL_Driver/Src/stm32f4xx_hal_tim.o
 .text.TIM_TI2_ConfigInputStage
                0x080031a0       0x60 Drivers/STM32F4xx_HAL_Driver/Src/stm32f4xx_hal_tim.o
 .text.TIM_ITRx_SetConfig
                0x08003200       0x38 Drivers/STM32F4xx_HAL_Driver/Src/stm32f4xx_hal_tim.o
 .text.TIM_ETR_SetConfig
                0x08003238       0x40 Drivers/STM32F4xx_HAL_Driver/Src/stm32f4xx_hal_tim.o
                0x08003238                TIM_ETR_SetConfig
 .text.TIM_CCxChannelCmd
                0x08003278       0x4c Drivers/STM32F4xx_HAL_Driver/Src/stm32f4xx_hal_tim.o
                0x08003278                TIM_CCxChannelCmd
 .text.HAL_TIMEx_MasterConfigSynchronization
                0x080032c4       0xf8 Drivers/STM32F4xx_HAL_Driver/Src/stm32f4xx_hal_tim_ex.o
                0x080032c4                HAL_TIMEx_MasterConfigSynchronization
 .text.HAL_UART_Init
                0x080033bc       0x9c Drivers/STM32F4xx_HAL_Driver/Src/stm32f4xx_hal_uart.o
                0x080033bc                HAL_UART_Init
 .text.HAL_UART_MspInit
                0x08003458       0x90 Drivers/STM32F4xx_HAL_Driver/Src/stm32f4xx_hal_uart.o
                0x08003458                HAL_UART_MspInit
 .text.HAL_UART_Transmit
                0x080034e8      0x130 Drivers/STM32F4xx_HAL_Driver/Src/stm32f4xx_hal_uart.o
                0x080034e8                HAL_UART_Transmit
 .text.UART_WaitOnFlagUntilTimeout
                0x08003618       0x94 Drivers/STM32F4xx_HAL_Driver/Src/stm32f4xx_hal_uart.o
 .text.UART_SetConfig
                0x080036ac      0x438 Drivers/STM32F4xx_HAL_Driver/Src/stm32f4xx_hal_uart.o
 .text.LIS3DSH_WriteIO
                0x08003ae4       0x54 Src/MY_LIS3DSH.o
                0x08003ae4                LIS3DSH_WriteIO
 .text.LIS3DSH_ReadIO
                0x08003b38       0x88 Src/MY_LIS3DSH.o
                0x08003b38                LIS3DSH_ReadIO
 .text.LIS3DSH_Init
                0x08003bc0      0x1a0 Src/MY_LIS3DSH.o
                0x08003bc0                LIS3DSH_Init
 .text.LIS3DSH_GetDataRaw
                0x08003d60       0x88 Src/MY_LIS3DSH.o
                0x08003d60                LIS3DSH_GetDataRaw
 .text.LIS3DSH_GetDataScaled
                0x08003de8      0x104 Src/MY_LIS3DSH.o
                0x08003de8                LIS3DSH_GetDataScaled
 .text.LIS3DSH_PollDRDY
                0x08003eec       0x5c Src/MY_LIS3DSH.o
                0x08003eec                LIS3DSH_PollDRDY
 .text.EXTI0_IRQHandler
                0x08003f48       0x18 Src/main.o
                0x08003f48                EXTI0_IRQHandler
 .text.main     0x08003f60      0x11c Src/main.o
                0x08003f60                main
 .text.calculate_proportion
                0x0800407c       0xc8 Src/main.o
                0x0800407c                calculate_proportion
 .text.calculate_integral
                0x08004144       0xcc Src/main.o
                0x08004144                calculate_integral
 .text.calculate_derivative
                0x08004210       0xbc Src/main.o
                0x08004210                calculate_derivative
 .text.set_motors
                0x080042cc       0x84 Src/main.o
                0x080042cc                set_motors
 .text.set_accel_data
                0x08004350       0xd4 Src/main.o
                0x08004350                set_accel_data
 .text.config_accel
                0x08004424       0x30 Src/main.o
                0x08004424                config_accel
 .text.config_control_params
                0x08004454       0x5c Src/main.o
                0x08004454                config_control_params
 .text.SystemClock_Config
                0x080044b0       0xd4 Src/main.o
                0x080044b0                SystemClock_Config
 .text.MX_SPI1_Init
                0x08004584       0x6c Src/main.o
 .text.MX_TIM4_Init
                0x080045f0      0x130 Src/main.o
 .text.MX_GPIO_Init
                0x08004720       0xd8 Src/main.o
 .text.init_motors
                0x080047f8       0x50 Src/main.o
                0x080047f8                init_motors
 .text.UART_Config
                0x08004848       0x78 Src/main.o
                0x08004848                UART_Config
 .text.set_motor_x
                0x080048c0       0x20 Src/main.o
                0x080048c0                set_motor_x
 .text.set_motor_inv_x
                0x080048e0       0x20 Src/main.o
                0x080048e0                set_motor_inv_x
 .text.set_motor_y
                0x08004900       0x20 Src/main.o
                0x08004900                set_motor_y
 .text.set_motor_inv_y
                0x08004920       0x20 Src/main.o
                0x08004920                set_motor_inv_y
 .text.Error_Handler
                0x08004940       0x10 Src/main.o
                0x08004940                Error_Handler
 .text.HAL_MspInit
                0x08004950       0x50 Src/stm32f4xx_hal_msp.o
                0x08004950                HAL_MspInit
 .text.HAL_SPI_MspInit
                0x080049a0       0x90 Src/stm32f4xx_hal_msp.o
                0x080049a0                HAL_SPI_MspInit
 .text.HAL_TIM_Base_MspInit
                0x08004a30       0x44 Src/stm32f4xx_hal_msp.o
                0x08004a30                HAL_TIM_Base_MspInit
 .text.HAL_TIM_MspPostInit
                0x08004a74       0x74 Src/stm32f4xx_hal_msp.o
                0x08004a74                HAL_TIM_MspPostInit
 .text.NMI_Handler
                0x08004ae8       0x10 Src/stm32f4xx_it.o
                0x08004ae8                NMI_Handler
 .text.HardFault_Handler
                0x08004af8        0x8 Src/stm32f4xx_it.o
                0x08004af8                HardFault_Handler
 .text.MemManage_Handler
                0x08004b00        0x8 Src/stm32f4xx_it.o
                0x08004b00                MemManage_Handler
 .text.BusFault_Handler
                0x08004b08        0x8 Src/stm32f4xx_it.o
                0x08004b08                BusFault_Handler
 .text.UsageFault_Handler
                0x08004b10        0x8 Src/stm32f4xx_it.o
                0x08004b10                UsageFault_Handler
 .text.SVC_Handler
                0x08004b18       0x10 Src/stm32f4xx_it.o
                0x08004b18                SVC_Handler
 .text.DebugMon_Handler
                0x08004b28       0x10 Src/stm32f4xx_it.o
                0x08004b28                DebugMon_Handler
 .text.PendSV_Handler
                0x08004b38       0x10 Src/stm32f4xx_it.o
                0x08004b38                PendSV_Handler
 .text.SysTick_Handler
                0x08004b48        0xc Src/stm32f4xx_it.o
                0x08004b48                SysTick_Handler
 .text._sbrk    0x08004b54       0x58 Src/syscalls.o
                0x08004b54                _sbrk
 .text.SystemInit
                0x08004bac       0x2c Src/system_stm32f4xx.o
                0x08004bac                SystemInit
 .text.trim     0x08004bd8       0x48 Src/utils.o
                0x08004bd8                trim
 .text.map      0x08004c20       0x58 Src/utils.o
                0x08004c20                map
 .text.Reset_Handler
                0x08004c78       0x50 startup/startup_stm32f407xx.o
                0x08004c78                Reset_Handler
 .text.Default_Handler
                0x08004cc8        0x2 startup/startup_stm32f407xx.o
                0x08004cc8                RTC_Alarm_IRQHandler
                0x08004cc8                HASH_RNG_IRQHandler
                0x08004cc8                EXTI2_IRQHandler
                0x08004cc8                TIM8_CC_IRQHandler
                0x08004cc8                TIM1_CC_IRQHandler
                0x08004cc8                DMA2_Stream5_IRQHandler
                0x08004cc8                DMA1_Stream5_IRQHandler
                0x08004cc8                PVD_IRQHandler
                0x08004cc8                SDIO_IRQHandler
                0x08004cc8                TAMP_STAMP_IRQHandler
                0x08004cc8                CAN2_RX1_IRQHandler
                0x08004cc8                EXTI3_IRQHandler
                0x08004cc8                TIM8_TRG_COM_TIM14_IRQHandler
                0x08004cc8                TIM1_UP_TIM10_IRQHandler
                0x08004cc8                TIM8_UP_TIM13_IRQHandler
                0x08004cc8                I2C3_ER_IRQHandler
                0x08004cc8                I2C2_EV_IRQHandler
                0x08004cc8                DMA1_Stream2_IRQHandler
                0x08004cc8                CAN1_RX0_IRQHandler
                0x08004cc8                FPU_IRQHandler
                0x08004cc8                OTG_HS_WKUP_IRQHandler
                0x08004cc8                CAN2_SCE_IRQHandler
                0x08004cc8                DMA2_Stream2_IRQHandler
                0x08004cc8                SPI1_IRQHandler
                0x08004cc8                TIM6_DAC_IRQHandler
                0x08004cc8                TIM1_BRK_TIM9_IRQHandler
                0x08004cc8                DCMI_IRQHandler
                0x08004cc8                CAN2_RX0_IRQHandler
                0x08004cc8                DMA2_Stream3_IRQHandler
                0x08004cc8                USART6_IRQHandler
                0x08004cc8                USART3_IRQHandler
                0x08004cc8                CAN1_RX1_IRQHandler
                0x08004cc8                UART5_IRQHandler
                0x08004cc8                DMA2_Stream0_IRQHandler
                0x08004cc8                TIM4_IRQHandler
                0x08004cc8                I2C1_EV_IRQHandler
                0x08004cc8                DMA1_Stream6_IRQHandler
                0x08004cc8                DMA1_Stream1_IRQHandler
                0x08004cc8                UART4_IRQHandler
                0x08004cc8                TIM3_IRQHandler
                0x08004cc8                RCC_IRQHandler
                0x08004cc8                TIM8_BRK_TIM12_IRQHandler
                0x08004cc8                Default_Handler
                0x08004cc8                EXTI15_10_IRQHandler
                0x08004cc8                ADC_IRQHandler
                0x08004cc8                DMA1_Stream7_IRQHandler
                0x08004cc8                TIM7_IRQHandler
                0x08004cc8                CAN2_TX_IRQHandler
                0x08004cc8                TIM5_IRQHandler
                0x08004cc8                DMA2_Stream7_IRQHandler
                0x08004cc8                I2C3_EV_IRQHandler
                0x08004cc8                EXTI9_5_IRQHandler
                0x08004cc8                RTC_WKUP_IRQHandler
                0x08004cc8                ETH_WKUP_IRQHandler
                0x08004cc8                SPI2_IRQHandler
                0x08004cc8                OTG_HS_EP1_IN_IRQHandler
                0x08004cc8                DMA1_Stream0_IRQHandler
                0x08004cc8                CAN1_TX_IRQHandler
                0x08004cc8                EXTI4_IRQHandler
                0x08004cc8                FSMC_IRQHandler
                0x08004cc8                ETH_IRQHandler
                0x08004cc8                OTG_HS_EP1_OUT_IRQHandler
                0x08004cc8                WWDG_IRQHandler
                0x08004cc8                TIM2_IRQHandler
                0x08004cc8                OTG_FS_WKUP_IRQHandler
                0x08004cc8                TIM1_TRG_COM_TIM11_IRQHandler
                0x08004cc8                OTG_HS_IRQHandler
                0x08004cc8                EXTI1_IRQHandler
                0x08004cc8                USART2_IRQHandler
                0x08004cc8                I2C2_ER_IRQHandler
                0x08004cc8                DMA2_Stream1_IRQHandler
                0x08004cc8                CAN1_SCE_IRQHandler
                0x08004cc8                FLASH_IRQHandler
                0x08004cc8                DMA2_Stream4_IRQHandler
                0x08004cc8                USART1_IRQHandler
                0x08004cc8                OTG_FS_IRQHandler
                0x08004cc8                SPI3_IRQHandler
                0x08004cc8                DMA1_Stream4_IRQHandler
                0x08004cc8                I2C1_ER_IRQHandler
                0x08004cc8                DMA2_Stream6_IRQHandler
                0x08004cc8                DMA1_Stream3_IRQHandler
 *fill*         0x08004cca        0x2 
 .text.__errno  0x08004ccc        0xc /home/tom/apps/eclipse/plugins/fr.ac6.mcu.externaltools.arm-none.linux64_1.13.1.201703061524/tools/compiler/bin/../lib/gcc/arm-none-eabi/5.4.1/../../../../arm-none-eabi/lib/armv7e-m/fpu/libc_nano.a(lib_a-errno.o)
                0x08004ccc                __errno
 .text.__libc_init_array
                0x08004cd8       0x4c /home/tom/apps/eclipse/plugins/fr.ac6.mcu.externaltools.arm-none.linux64_1.13.1.201703061524/tools/compiler/bin/../lib/gcc/arm-none-eabi/5.4.1/../../../../arm-none-eabi/lib/armv7e-m/fpu/libc_nano.a(lib_a-init.o)
                0x08004cd8                __libc_init_array
 .text.memcpy   0x08004d24       0x16 /home/tom/apps/eclipse/plugins/fr.ac6.mcu.externaltools.arm-none.linux64_1.13.1.201703061524/tools/compiler/bin/../lib/gcc/arm-none-eabi/5.4.1/../../../../arm-none-eabi/lib/armv7e-m/fpu/libc_nano.a(lib_a-memcpy-stub.o)
                0x08004d24                memcpy
 .text.memset   0x08004d3a       0x10 /home/tom/apps/eclipse/plugins/fr.ac6.mcu.externaltools.arm-none.linux64_1.13.1.201703061524/tools/compiler/bin/../lib/gcc/arm-none-eabi/5.4.1/../../../../arm-none-eabi/lib/armv7e-m/fpu/libc_nano.a(lib_a-memset.o)
                0x08004d3a                memset
 .text.__cvt    0x08004d4a       0xc8 /home/tom/apps/eclipse/plugins/fr.ac6.mcu.externaltools.arm-none.linux64_1.13.1.201703061524/tools/compiler/bin/../lib/gcc/arm-none-eabi/5.4.1/../../../../arm-none-eabi/lib/armv7e-m/fpu/libc_nano.a(lib_a-nano-vfprintf_float.o)
                0x08004d4a                __cvt
 .text.__exponent
                0x08004e12       0x60 /home/tom/apps/eclipse/plugins/fr.ac6.mcu.externaltools.arm-none.linux64_1.13.1.201703061524/tools/compiler/bin/../lib/gcc/arm-none-eabi/5.4.1/../../../../arm-none-eabi/lib/armv7e-m/fpu/libc_nano.a(lib_a-nano-vfprintf_float.o)
                0x08004e12                __exponent
 *fill*         0x08004e72        0x2 
 .text._printf_float
                0x08004e74      0x47c /home/tom/apps/eclipse/plugins/fr.ac6.mcu.externaltools.arm-none.linux64_1.13.1.201703061524/tools/compiler/bin/../lib/gcc/arm-none-eabi/5.4.1/../../../../arm-none-eabi/lib/armv7e-m/fpu/libc_nano.a(lib_a-nano-vfprintf_float.o)
                0x08004e74                _printf_float
 .text._printf_common
                0x080052f0       0xec /home/tom/apps/eclipse/plugins/fr.ac6.mcu.externaltools.arm-none.linux64_1.13.1.201703061524/tools/compiler/bin/../lib/gcc/arm-none-eabi/5.4.1/../../../../arm-none-eabi/lib/armv7e-m/fpu/libc_nano.a(lib_a-nano-vfprintf_i.o)
                0x080052f0                _printf_common
 .text.quorem   0x080053dc      0x11e /home/tom/apps/eclipse/plugins/fr.ac6.mcu.externaltools.arm-none.linux64_1.13.1.201703061524/tools/compiler/bin/../lib/gcc/arm-none-eabi/5.4.1/../../../../arm-none-eabi/lib/armv7e-m/fpu/libc_nano.a(lib_a-dtoa.o)
 *fill*         0x080054fa        0x6 
 .text._dtoa_r  0x08005500      0xb40 /home/tom/apps/eclipse/plugins/fr.ac6.mcu.externaltools.arm-none.linux64_1.13.1.201703061524/tools/compiler/bin/../lib/gcc/arm-none-eabi/5.4.1/../../../../arm-none-eabi/lib/armv7e-m/fpu/libc_nano.a(lib_a-dtoa.o)
                0x08005500                _dtoa_r
 .text._localeconv_r
                0x08006040       0x1c /home/tom/apps/eclipse/plugins/fr.ac6.mcu.externaltools.arm-none.linux64_1.13.1.201703061524/tools/compiler/bin/../lib/gcc/arm-none-eabi/5.4.1/../../../../arm-none-eabi/lib/armv7e-m/fpu/libc_nano.a(lib_a-localeconv.o)
                0x08006040                _localeconv_r
 .text.malloc   0x0800605c       0x10 /home/tom/apps/eclipse/plugins/fr.ac6.mcu.externaltools.arm-none.linux64_1.13.1.201703061524/tools/compiler/bin/../lib/gcc/arm-none-eabi/5.4.1/../../../../arm-none-eabi/lib/armv7e-m/fpu/libc_nano.a(lib_a-malloc.o)
                0x0800605c                malloc
 .text._Balloc  0x0800606c       0x6a /home/tom/apps/eclipse/plugins/fr.ac6.mcu.externaltools.arm-none.linux64_1.13.1.201703061524/tools/compiler/bin/../lib/gcc/arm-none-eabi/5.4.1/../../../../arm-none-eabi/lib/armv7e-m/fpu/libc_nano.a(lib_a-mprec.o)
                0x0800606c                _Balloc
 .text._Bfree   0x080060d6       0x2e /home/tom/apps/eclipse/plugins/fr.ac6.mcu.externaltools.arm-none.linux64_1.13.1.201703061524/tools/compiler/bin/../lib/gcc/arm-none-eabi/5.4.1/../../../../arm-none-eabi/lib/armv7e-m/fpu/libc_nano.a(lib_a-mprec.o)
                0x080060d6                _Bfree
 .text.__multadd
                0x08006104       0x76 /home/tom/apps/eclipse/plugins/fr.ac6.mcu.externaltools.arm-none.linux64_1.13.1.201703061524/tools/compiler/bin/../lib/gcc/arm-none-eabi/5.4.1/../../../../arm-none-eabi/lib/armv7e-m/fpu/libc_nano.a(lib_a-mprec.o)
                0x08006104                __multadd
 .text.__hi0bits
                0x0800617a       0x40 /home/tom/apps/eclipse/plugins/fr.ac6.mcu.externaltools.arm-none.linux64_1.13.1.201703061524/tools/compiler/bin/../lib/gcc/arm-none-eabi/5.4.1/../../../../arm-none-eabi/lib/armv7e-m/fpu/libc_nano.a(lib_a-mprec.o)
                0x0800617a                __hi0bits
 .text.__lo0bits
                0x080061ba       0x5a /home/tom/apps/eclipse/plugins/fr.ac6.mcu.externaltools.arm-none.linux64_1.13.1.201703061524/tools/compiler/bin/../lib/gcc/arm-none-eabi/5.4.1/../../../../arm-none-eabi/lib/armv7e-m/fpu/libc_nano.a(lib_a-mprec.o)
                0x080061ba                __lo0bits
 .text.__i2b    0x08006214       0x12 /home/tom/apps/eclipse/plugins/fr.ac6.mcu.externaltools.arm-none.linux64_1.13.1.201703061524/tools/compiler/bin/../lib/gcc/arm-none-eabi/5.4.1/../../../../arm-none-eabi/lib/armv7e-m/fpu/libc_nano.a(lib_a-mprec.o)
                0x08006214                __i2b
 .text.__multiply
                0x08006226      0x122 /home/tom/apps/eclipse/plugins/fr.ac6.mcu.externaltools.arm-none.linux64_1.13.1.201703061524/tools/compiler/bin/../lib/gcc/arm-none-eabi/5.4.1/../../../../arm-none-eabi/lib/armv7e-m/fpu/libc_nano.a(lib_a-mprec.o)
                0x08006226                __multiply
 .text.__pow5mult
                0x08006348       0x9c /home/tom/apps/eclipse/plugins/fr.ac6.mcu.externaltools.arm-none.linux64_1.13.1.201703061524/tools/compiler/bin/../lib/gcc/arm-none-eabi/5.4.1/../../../../arm-none-eabi/lib/armv7e-m/fpu/libc_nano.a(lib_a-mprec.o)
                0x08006348                __pow5mult
 .text.__lshift
                0x080063e4       0xa2 /home/tom/apps/eclipse/plugins/fr.ac6.mcu.externaltools.arm-none.linux64_1.13.1.201703061524/tools/compiler/bin/../lib/gcc/arm-none-eabi/5.4.1/../../../../arm-none-eabi/lib/armv7e-m/fpu/libc_nano.a(lib_a-mprec.o)
                0x080063e4                __lshift
 .text.__mcmp   0x08006486       0x38 /home/tom/apps/eclipse/plugins/fr.ac6.mcu.externaltools.arm-none.linux64_1.13.1.201703061524/tools/compiler/bin/../lib/gcc/arm-none-eabi/5.4.1/../../../../arm-none-eabi/lib/armv7e-m/fpu/libc_nano.a(lib_a-mprec.o)
                0x08006486                __mcmp
 .text.__mdiff  0x080064be       0xbe /home/tom/apps/eclipse/plugins/fr.ac6.mcu.externaltools.arm-none.linux64_1.13.1.201703061524/tools/compiler/bin/../lib/gcc/arm-none-eabi/5.4.1/../../../../arm-none-eabi/lib/armv7e-m/fpu/libc_nano.a(lib_a-mprec.o)
                0x080064be                __mdiff
 .text.__d2b    0x0800657c       0x9c /home/tom/apps/eclipse/plugins/fr.ac6.mcu.externaltools.arm-none.linux64_1.13.1.201703061524/tools/compiler/bin/../lib/gcc/arm-none-eabi/5.4.1/../../../../arm-none-eabi/lib/armv7e-m/fpu/libc_nano.a(lib_a-mprec.o)
                0x0800657c                __d2b
 .text._calloc_r
                0x08006618       0x1c /home/tom/apps/eclipse/plugins/fr.ac6.mcu.externaltools.arm-none.linux64_1.13.1.201703061524/tools/compiler/bin/../lib/gcc/arm-none-eabi/5.4.1/../../../../arm-none-eabi/lib/armv7e-m/fpu/libc_nano.a(lib_a-nano-callocr.o)
                0x08006618                _calloc_r
 .text._malloc_r
                0x08006634       0xbc /home/tom/apps/eclipse/plugins/fr.ac6.mcu.externaltools.arm-none.linux64_1.13.1.201703061524/tools/compiler/bin/../lib/gcc/arm-none-eabi/5.4.1/../../../../arm-none-eabi/lib/armv7e-m/fpu/libc_nano.a(lib_a-nano-mallocr.o)
                0x08006634                _malloc_r
 .text._sbrk_r  0x080066f0       0x20 /home/tom/apps/eclipse/plugins/fr.ac6.mcu.externaltools.arm-none.linux64_1.13.1.201703061524/tools/compiler/bin/../lib/gcc/arm-none-eabi/5.4.1/../../../../arm-none-eabi/lib/armv7e-m/fpu/libc_nano.a(lib_a-sbrkr.o)
                0x080066f0                _sbrk_r
 .text.__ascii_mbtowc
                0x08006710       0x24 /home/tom/apps/eclipse/plugins/fr.ac6.mcu.externaltools.arm-none.linux64_1.13.1.201703061524/tools/compiler/bin/../lib/gcc/arm-none-eabi/5.4.1/../../../../arm-none-eabi/lib/armv7e-m/fpu/libc_nano.a(lib_a-mbtowc_r.o)
                0x08006710                __ascii_mbtowc
 .text.__malloc_lock
                0x08006734        0x2 /home/tom/apps/eclipse/plugins/fr.ac6.mcu.externaltools.arm-none.linux64_1.13.1.201703061524/tools/compiler/bin/../lib/gcc/arm-none-eabi/5.4.1/../../../../arm-none-eabi/lib/armv7e-m/fpu/libc_nano.a(lib_a-mlock.o)
                0x08006734                __malloc_lock
 .text.__malloc_unlock
                0x08006736        0x2 /home/tom/apps/eclipse/plugins/fr.ac6.mcu.externaltools.arm-none.linux64_1.13.1.201703061524/tools/compiler/bin/../lib/gcc/arm-none-eabi/5.4.1/../../../../arm-none-eabi/lib/armv7e-m/fpu/libc_nano.a(lib_a-mlock.o)
                0x08006736                __malloc_unlock
 .text.__ascii_wctomb
                0x08006738       0x1a /home/tom/apps/eclipse/plugins/fr.ac6.mcu.externaltools.arm-none.linux64_1.13.1.201703061524/tools/compiler/bin/../lib/gcc/arm-none-eabi/5.4.1/../../../../arm-none-eabi/lib/armv7e-m/fpu/libc_nano.a(lib_a-wctomb_r.o)
                0x08006738                __ascii_wctomb
 *(.glue_7)
 .glue_7        0x08006752        0x0 linker stubs
 *(.glue_7t)
 .glue_7t       0x08006752        0x0 linker stubs
 *(.eh_frame)
 *fill*         0x08006752        0x2 
 .eh_frame      0x08006754        0x0 /home/tom/apps/eclipse/plugins/fr.ac6.mcu.externaltools.arm-none.linux64_1.13.1.201703061524/tools/compiler/bin/../lib/gcc/arm-none-eabi/5.4.1/armv7e-m/fpu/crtbegin.o
 *(.init)
 .init          0x08006754        0x4 /home/tom/apps/eclipse/plugins/fr.ac6.mcu.externaltools.arm-none.linux64_1.13.1.201703061524/tools/compiler/bin/../lib/gcc/arm-none-eabi/5.4.1/armv7e-m/fpu/crti.o
                0x08006754                _init
 .init          0x08006758        0x8 /home/tom/apps/eclipse/plugins/fr.ac6.mcu.externaltools.arm-none.linux64_1.13.1.201703061524/tools/compiler/bin/../lib/gcc/arm-none-eabi/5.4.1/armv7e-m/fpu/crtn.o
 *(.fini)
 .fini          0x08006760        0x4 /home/tom/apps/eclipse/plugins/fr.ac6.mcu.externaltools.arm-none.linux64_1.13.1.201703061524/tools/compiler/bin/../lib/gcc/arm-none-eabi/5.4.1/armv7e-m/fpu/crti.o
                0x08006760                _fini
 .fini          0x08006764        0x8 /home/tom/apps/eclipse/plugins/fr.ac6.mcu.externaltools.arm-none.linux64_1.13.1.201703061524/tools/compiler/bin/../lib/gcc/arm-none-eabi/5.4.1/armv7e-m/fpu/crtn.o
                0x0800676c                . = ALIGN (0x4)
                0x0800676c                _etext = .

.vfp11_veneer   0x0800676c        0x0
 .vfp11_veneer  0x0800676c        0x0 linker stubs

.v4_bx          0x0800676c        0x0
 .v4_bx         0x0800676c        0x0 linker stubs

.iplt           0x0800676c        0x0
 .iplt          0x0800676c        0x0 /home/tom/apps/eclipse/plugins/fr.ac6.mcu.externaltools.arm-none.linux64_1.13.1.201703061524/tools/compiler/bin/../lib/gcc/arm-none-eabi/5.4.1/armv7e-m/fpu/crtbegin.o

.rodata         0x08006770      0x240
                0x08006770                . = ALIGN (0x4)
 *(.rodata)
 .rodata        0x08006770       0x18 Src/system_stm32f4xx.o
                0x08006770                AHBPrescTable
                0x08006780                APBPrescTable
 *(.rodata*)
 .rodata.str1.1
                0x08006788       0x12 /home/tom/apps/eclipse/plugins/fr.ac6.mcu.externaltools.arm-none.linux64_1.13.1.201703061524/tools/compiler/bin/../lib/gcc/arm-none-eabi/5.4.1/../../../../arm-none-eabi/lib/armv7e-m/fpu/libc_nano.a(lib_a-nano-vfprintf_float.o)
 .rodata.str1.1
                0x0800679a        0xd /home/tom/apps/eclipse/plugins/fr.ac6.mcu.externaltools.arm-none.linux64_1.13.1.201703061524/tools/compiler/bin/../lib/gcc/arm-none-eabi/5.4.1/../../../../arm-none-eabi/lib/armv7e-m/fpu/libc_nano.a(lib_a-dtoa.o)
                                  0xf (size before relaxing)
 *fill*         0x080067a7        0x1 
 .rodata.__mprec_tens
                0x080067a8       0xc8 /home/tom/apps/eclipse/plugins/fr.ac6.mcu.externaltools.arm-none.linux64_1.13.1.201703061524/tools/compiler/bin/../lib/gcc/arm-none-eabi/5.4.1/../../../../arm-none-eabi/lib/armv7e-m/fpu/libc_nano.a(lib_a-mprec.o)
                0x080067a8                __mprec_tens
 .rodata.__mprec_bigtens
                0x08006870       0x28 /home/tom/apps/eclipse/plugins/fr.ac6.mcu.externaltools.arm-none.linux64_1.13.1.201703061524/tools/compiler/bin/../lib/gcc/arm-none-eabi/5.4.1/../../../../arm-none-eabi/lib/armv7e-m/fpu/libc_nano.a(lib_a-mprec.o)
                0x08006870                __mprec_bigtens
 .rodata.p05.6099
                0x08006898        0xc /home/tom/apps/eclipse/plugins/fr.ac6.mcu.externaltools.arm-none.linux64_1.13.1.201703061524/tools/compiler/bin/../lib/gcc/arm-none-eabi/5.4.1/../../../../arm-none-eabi/lib/armv7e-m/fpu/libc_nano.a(lib_a-mprec.o)
 .rodata.str1.1
                0x080068a4        0xa /home/tom/apps/eclipse/plugins/fr.ac6.mcu.externaltools.arm-none.linux64_1.13.1.201703061524/tools/compiler/bin/../lib/gcc/arm-none-eabi/5.4.1/../../../../arm-none-eabi/lib/armv7e-m/fpu/libc_nano.a(lib_a-locale.o)
                                  0xb (size before relaxing)
 .rodata._ctype_
                0x080068ae      0x101 /home/tom/apps/eclipse/plugins/fr.ac6.mcu.externaltools.arm-none.linux64_1.13.1.201703061524/tools/compiler/bin/../lib/gcc/arm-none-eabi/5.4.1/../../../../arm-none-eabi/lib/armv7e-m/fpu/libc_nano.a(lib_a-ctype_.o)
                0x080068ae                _ctype_
                0x080069b0                . = ALIGN (0x4)
 *fill*         0x080069af        0x1 

.ARM.extab
 *(.ARM.extab* .gnu.linkonce.armextab.*)

.ARM            0x080069b0        0x8
                0x080069b0                __exidx_start = .
 *(.ARM.exidx*)
 .ARM.exidx     0x080069b0        0x8 /home/tom/apps/eclipse/plugins/fr.ac6.mcu.externaltools.arm-none.linux64_1.13.1.201703061524/tools/compiler/bin/../lib/gcc/arm-none-eabi/5.4.1/armv7e-m/fpu/libgcc.a(_udivmoddi4.o)
                0x080069b8                __exidx_end = .

.rel.dyn        0x080069b8        0x0
 .rel.iplt      0x080069b8        0x0 /home/tom/apps/eclipse/plugins/fr.ac6.mcu.externaltools.arm-none.linux64_1.13.1.201703061524/tools/compiler/bin/../lib/gcc/arm-none-eabi/5.4.1/armv7e-m/fpu/crtbegin.o

.preinit_array  0x080069b8        0x0
                0x080069b8                PROVIDE (__preinit_array_start, .)
 *(.preinit_array*)
                0x080069b8                PROVIDE (__preinit_array_end, .)

.init_array     0x080069b8        0x4
                0x080069b8                PROVIDE (__init_array_start, .)
 *(SORT(.init_array.*))
 *(.init_array*)
 .init_array    0x080069b8        0x4 /home/tom/apps/eclipse/plugins/fr.ac6.mcu.externaltools.arm-none.linux64_1.13.1.201703061524/tools/compiler/bin/../lib/gcc/arm-none-eabi/5.4.1/armv7e-m/fpu/crtbegin.o
                0x080069bc                PROVIDE (__init_array_end, .)

.fini_array     0x080069bc        0x4
                [!provide]                PROVIDE (__fini_array_start, .)
 *(SORT(.fini_array.*))
 *(.fini_array*)
 .fini_array    0x080069bc        0x4 /home/tom/apps/eclipse/plugins/fr.ac6.mcu.externaltools.arm-none.linux64_1.13.1.201703061524/tools/compiler/bin/../lib/gcc/arm-none-eabi/5.4.1/armv7e-m/fpu/crtbegin.o
                [!provide]                PROVIDE (__fini_array_end, .)
                0x080069c0                _sidata = LOADADDR (.data)

.data           0x20000000      0x1fc load address 0x080069c0
                0x20000000                . = ALIGN (0x4)
                0x20000000                _sdata = .
 *(.data)
 .data          0x20000000        0x5 Drivers/STM32F4xx_HAL_Driver/Src/stm32f4xx_hal.o
                0x20000000                uwTickPrio
                0x20000004                uwTickFreq
 *fill*         0x20000005        0x3 
 .data          0x20000008       0x10 Src/MY_LIS3DSH.o
 .data          0x20000018       0x10 Src/main.o
                0x20000018                min_thrust
                0x2000001c                max_thrust
                0x20000020                min_accel
                0x20000024                max_accel
 .data          0x20000028        0x4 Src/system_stm32f4xx.o
                0x20000028                SystemCoreClock
 *(.data*)
 .data.impure_data
                0x2000002c       0x60 /home/tom/apps/eclipse/plugins/fr.ac6.mcu.externaltools.arm-none.linux64_1.13.1.201703061524/tools/compiler/bin/../lib/gcc/arm-none-eabi/5.4.1/../../../../arm-none-eabi/lib/armv7e-m/fpu/libc_nano.a(lib_a-impure.o)
 .data._impure_ptr
                0x2000008c        0x4 /home/tom/apps/eclipse/plugins/fr.ac6.mcu.externaltools.arm-none.linux64_1.13.1.201703061524/tools/compiler/bin/../lib/gcc/arm-none-eabi/5.4.1/../../../../arm-none-eabi/lib/armv7e-m/fpu/libc_nano.a(lib_a-impure.o)
                0x2000008c                _impure_ptr
 .data.__global_locale
                0x20000090      0x16c /home/tom/apps/eclipse/plugins/fr.ac6.mcu.externaltools.arm-none.linux64_1.13.1.201703061524/tools/compiler/bin/../lib/gcc/arm-none-eabi/5.4.1/../../../../arm-none-eabi/lib/armv7e-m/fpu/libc_nano.a(lib_a-locale.o)
                0x20000090                __global_locale
                0x200001fc                . = ALIGN (0x4)
                0x200001fc                _edata = .
                0x08006bbc                _siccmram = LOADADDR (.ccmram)

.jcr            0x200001fc        0x0 load address 0x08006bbc
 .jcr           0x200001fc        0x0 /home/tom/apps/eclipse/plugins/fr.ac6.mcu.externaltools.arm-none.linux64_1.13.1.201703061524/tools/compiler/bin/../lib/gcc/arm-none-eabi/5.4.1/armv7e-m/fpu/crtbegin.o

.igot.plt       0x200001fc        0x0 load address 0x08006bbc
 .igot.plt      0x200001fc        0x0 /home/tom/apps/eclipse/plugins/fr.ac6.mcu.externaltools.arm-none.linux64_1.13.1.201703061524/tools/compiler/bin/../lib/gcc/arm-none-eabi/5.4.1/armv7e-m/fpu/crtbegin.o

.ccmram         0x10000000        0x0 load address 0x08006bbc
                0x10000000                . = ALIGN (0x4)
                0x10000000                _sccmram = .
 *(.ccmram)
 *(.ccmram*)
                0x10000000                . = ALIGN (0x4)
                0x10000000                _eccmram = .
                0x10000000                . = ALIGN (0x4)

.bss            0x200001fc      0x1b8
                0x200001fc                _sbss = .
                0x200001fc                __bss_start__ = _sbss
 *(.bss)
 .bss           0x200001fc       0x1c /home/tom/apps/eclipse/plugins/fr.ac6.mcu.externaltools.arm-none.linux64_1.13.1.201703061524/tools/compiler/bin/../lib/gcc/arm-none-eabi/5.4.1/armv7e-m/fpu/crtbegin.o
 .bss           0x20000218       0x64 Src/MY_LIS3DSH.o
 .bss           0x2000027c        0x4 Src/main.o
                0x2000027c                EXTI0_FLAG
 .bss           0x20000280        0x8 Src/syscalls.o
                0x20000280                __env
 *(.bss*)
 .bss.__malloc_sbrk_start
                0x20000288        0x4 /home/tom/apps/eclipse/plugins/fr.ac6.mcu.externaltools.arm-none.linux64_1.13.1.201703061524/tools/compiler/bin/../lib/gcc/arm-none-eabi/5.4.1/../../../../arm-none-eabi/lib/armv7e-m/fpu/libc_nano.a(lib_a-nano-mallocr.o)
                0x20000288                __malloc_sbrk_start
 .bss.__malloc_free_list
                0x2000028c        0x4 /home/tom/apps/eclipse/plugins/fr.ac6.mcu.externaltools.arm-none.linux64_1.13.1.201703061524/tools/compiler/bin/../lib/gcc/arm-none-eabi/5.4.1/../../../../arm-none-eabi/lib/armv7e-m/fpu/libc_nano.a(lib_a-nano-mallocr.o)
                0x2000028c                __malloc_free_list
 *(COMMON)
 COMMON         0x20000290        0x4 Drivers/STM32F4xx_HAL_Driver/Src/stm32f4xx_hal.o
                0x20000290                uwTick
 COMMON         0x20000294      0x119 Src/main.o
                0x20000294                params
                0x200002a4                htim4
                0x200002e4                txData
                0x200002ec                integralData
                0x200002f0                accelData
                0x200002fc                errorData
                0x20000300                controller
                0x2000030c                derivativeData
                0x20000310                hspi1
                0x20000368                huart2
                0x200003a8                accelConfigDef
 *fill*         0x200003ad        0x3 
 COMMON         0x200003b0        0x4 /home/tom/apps/eclipse/plugins/fr.ac6.mcu.externaltools.arm-none.linux64_1.13.1.201703061524/tools/compiler/bin/../lib/gcc/arm-none-eabi/5.4.1/../../../../arm-none-eabi/lib/armv7e-m/fpu/libc_nano.a(lib_a-reent.o)
                0x200003b0                errno
                0x200003b4                . = ALIGN (0x4)
                0x200003b4                _ebss = .
                0x200003b4                __bss_end__ = _ebss

._user_heap_stack
                0x200003b4      0x604
                0x200003b8                . = ALIGN (0x8)
 *fill*         0x200003b4        0x4 
                0x200003b8                PROVIDE (end, .)
                [!provide]                PROVIDE (_end, .)
                0x200005b8                . = (. + _Min_Heap_Size)
 *fill*         0x200003b8      0x200 
                0x200009b8                . = (. + _Min_Stack_Size)
 *fill*         0x200005b8      0x400 
                0x200009b8                . = ALIGN (0x8)

/DISCARD/
 libc.a(*)
 libm.a(*)
 libgcc.a(*)

.ARM.attributes
                0x00000000       0x30
 *(.ARM.attributes)
 .ARM.attributes
                0x00000000       0x22 /home/tom/apps/eclipse/plugins/fr.ac6.mcu.externaltools.arm-none.linux64_1.13.1.201703061524/tools/compiler/bin/../lib/gcc/arm-none-eabi/5.4.1/armv7e-m/fpu/crti.o
 .ARM.attributes
                0x00000022       0x34 /home/tom/apps/eclipse/plugins/fr.ac6.mcu.externaltools.arm-none.linux64_1.13.1.201703061524/tools/compiler/bin/../lib/gcc/arm-none-eabi/5.4.1/armv7e-m/fpu/crtbegin.o
 .ARM.attributes
                0x00000056       0x39 Drivers/STM32F4xx_HAL_Driver/Src/stm32f4xx_hal.o
 .ARM.attributes
                0x0000008f       0x39 Drivers/STM32F4xx_HAL_Driver/Src/stm32f4xx_hal_cortex.o
 .ARM.attributes
                0x000000c8       0x39 Drivers/STM32F4xx_HAL_Driver/Src/stm32f4xx_hal_gpio.o
 .ARM.attributes
                0x00000101       0x39 Drivers/STM32F4xx_HAL_Driver/Src/stm32f4xx_hal_rcc.o
 .ARM.attributes
                0x0000013a       0x39 Drivers/STM32F4xx_HAL_Driver/Src/stm32f4xx_hal_spi.o
 .ARM.attributes
                0x00000173       0x39 Drivers/STM32F4xx_HAL_Driver/Src/stm32f4xx_hal_tim.o
 .ARM.attributes
                0x000001ac       0x39 Drivers/STM32F4xx_HAL_Driver/Src/stm32f4xx_hal_tim_ex.o
 .ARM.attributes
                0x000001e5       0x39 Drivers/STM32F4xx_HAL_Driver/Src/stm32f4xx_hal_uart.o
 .ARM.attributes
                0x0000021e       0x39 Src/MY_LIS3DSH.o
 .ARM.attributes
                0x00000257       0x39 Src/main.o
 .ARM.attributes
                0x00000290       0x39 Src/stm32f4xx_hal_msp.o
 .ARM.attributes
                0x000002c9       0x39 Src/stm32f4xx_it.o
 .ARM.attributes
                0x00000302       0x39 Src/syscalls.o
 .ARM.attributes
                0x0000033b       0x39 Src/system_stm32f4xx.o
 .ARM.attributes
                0x00000374       0x39 Src/utils.o
 .ARM.attributes
                0x000003ad       0x21 startup/startup_stm32f407xx.o
 .ARM.attributes
                0x000003ce       0x22 /home/tom/apps/eclipse/plugins/fr.ac6.mcu.externaltools.arm-none.linux64_1.13.1.201703061524/tools/compiler/bin/../lib/gcc/arm-none-eabi/5.4.1/armv7e-m/fpu/libgcc.a(_aeabi_uldivmod.o)
 .ARM.attributes
                0x000003f0       0x34 /home/tom/apps/eclipse/plugins/fr.ac6.mcu.externaltools.arm-none.linux64_1.13.1.201703061524/tools/compiler/bin/../lib/gcc/arm-none-eabi/5.4.1/armv7e-m/fpu/libgcc.a(_udivmoddi4.o)
 .ARM.attributes
                0x00000424       0x22 /home/tom/apps/eclipse/plugins/fr.ac6.mcu.externaltools.arm-none.linux64_1.13.1.201703061524/tools/compiler/bin/../lib/gcc/arm-none-eabi/5.4.1/armv7e-m/fpu/libgcc.a(_dvmd_tls.o)
 .ARM.attributes
                0x00000446       0x34 /home/tom/apps/eclipse/plugins/fr.ac6.mcu.externaltools.arm-none.linux64_1.13.1.201703061524/tools/compiler/bin/../lib/gcc/arm-none-eabi/5.4.1/../../../../arm-none-eabi/lib/armv7e-m/fpu/libc_nano.a(lib_a-errno.o)
 .ARM.attributes
                0x0000047a       0x34 /home/tom/apps/eclipse/plugins/fr.ac6.mcu.externaltools.arm-none.linux64_1.13.1.201703061524/tools/compiler/bin/../lib/gcc/arm-none-eabi/5.4.1/../../../../arm-none-eabi/lib/armv7e-m/fpu/libc_nano.a(lib_a-impure.o)
 .ARM.attributes
                0x000004ae       0x34 /home/tom/apps/eclipse/plugins/fr.ac6.mcu.externaltools.arm-none.linux64_1.13.1.201703061524/tools/compiler/bin/../lib/gcc/arm-none-eabi/5.4.1/../../../../arm-none-eabi/lib/armv7e-m/fpu/libc_nano.a(lib_a-init.o)
 .ARM.attributes
                0x000004e2       0x34 /home/tom/apps/eclipse/plugins/fr.ac6.mcu.externaltools.arm-none.linux64_1.13.1.201703061524/tools/compiler/bin/../lib/gcc/arm-none-eabi/5.4.1/../../../../arm-none-eabi/lib/armv7e-m/fpu/libc_nano.a(lib_a-memcpy-stub.o)
 .ARM.attributes
                0x00000516       0x34 /home/tom/apps/eclipse/plugins/fr.ac6.mcu.externaltools.arm-none.linux64_1.13.1.201703061524/tools/compiler/bin/../lib/gcc/arm-none-eabi/5.4.1/../../../../arm-none-eabi/lib/armv7e-m/fpu/libc_nano.a(lib_a-memset.o)
 .ARM.attributes
                0x0000054a       0x34 /home/tom/apps/eclipse/plugins/fr.ac6.mcu.externaltools.arm-none.linux64_1.13.1.201703061524/tools/compiler/bin/../lib/gcc/arm-none-eabi/5.4.1/../../../../arm-none-eabi/lib/armv7e-m/fpu/libc_nano.a(lib_a-nano-vfprintf_float.o)
 .ARM.attributes
                0x0000057e       0x34 /home/tom/apps/eclipse/plugins/fr.ac6.mcu.externaltools.arm-none.linux64_1.13.1.201703061524/tools/compiler/bin/../lib/gcc/arm-none-eabi/5.4.1/../../../../arm-none-eabi/lib/armv7e-m/fpu/libc_nano.a(lib_a-nano-vfprintf_i.o)
 .ARM.attributes
                0x000005b2       0x1b /home/tom/apps/eclipse/plugins/fr.ac6.mcu.externaltools.arm-none.linux64_1.13.1.201703061524/tools/compiler/bin/../lib/gcc/arm-none-eabi/5.4.1/../../../../arm-none-eabi/lib/armv7e-m/fpu/libc_nano.a(lib_a-strlen.o)
 .ARM.attributes
                0x000005cd       0x34 /home/tom/apps/eclipse/plugins/fr.ac6.mcu.externaltools.arm-none.linux64_1.13.1.201703061524/tools/compiler/bin/../lib/gcc/arm-none-eabi/5.4.1/../../../../arm-none-eabi/lib/armv7e-m/fpu/libc_nano.a(lib_a-dtoa.o)
 .ARM.attributes
                0x00000601       0x34 /home/tom/apps/eclipse/plugins/fr.ac6.mcu.externaltools.arm-none.linux64_1.13.1.201703061524/tools/compiler/bin/../lib/gcc/arm-none-eabi/5.4.1/../../../../arm-none-eabi/lib/armv7e-m/fpu/libc_nano.a(lib_a-localeconv.o)
 .ARM.attributes
                0x00000635       0x34 /home/tom/apps/eclipse/plugins/fr.ac6.mcu.externaltools.arm-none.linux64_1.13.1.201703061524/tools/compiler/bin/../lib/gcc/arm-none-eabi/5.4.1/../../../../arm-none-eabi/lib/armv7e-m/fpu/libc_nano.a(lib_a-malloc.o)
 .ARM.attributes
                0x00000669       0x34 /home/tom/apps/eclipse/plugins/fr.ac6.mcu.externaltools.arm-none.linux64_1.13.1.201703061524/tools/compiler/bin/../lib/gcc/arm-none-eabi/5.4.1/../../../../arm-none-eabi/lib/armv7e-m/fpu/libc_nano.a(lib_a-mprec.o)
 .ARM.attributes
                0x0000069d       0x34 /home/tom/apps/eclipse/plugins/fr.ac6.mcu.externaltools.arm-none.linux64_1.13.1.201703061524/tools/compiler/bin/../lib/gcc/arm-none-eabi/5.4.1/../../../../arm-none-eabi/lib/armv7e-m/fpu/libc_nano.a(lib_a-nano-callocr.o)
 .ARM.attributes
                0x000006d1       0x34 /home/tom/apps/eclipse/plugins/fr.ac6.mcu.externaltools.arm-none.linux64_1.13.1.201703061524/tools/compiler/bin/../lib/gcc/arm-none-eabi/5.4.1/../../../../arm-none-eabi/lib/armv7e-m/fpu/libc_nano.a(lib_a-nano-mallocr.o)
 .ARM.attributes
                0x00000705       0x34 /home/tom/apps/eclipse/plugins/fr.ac6.mcu.externaltools.arm-none.linux64_1.13.1.201703061524/tools/compiler/bin/../lib/gcc/arm-none-eabi/5.4.1/../../../../arm-none-eabi/lib/armv7e-m/fpu/libc_nano.a(lib_a-sbrkr.o)
 .ARM.attributes
                0x00000739       0x34 /home/tom/apps/eclipse/plugins/fr.ac6.mcu.externaltools.arm-none.linux64_1.13.1.201703061524/tools/compiler/bin/../lib/gcc/arm-none-eabi/5.4.1/../../../../arm-none-eabi/lib/armv7e-m/fpu/libc_nano.a(lib_a-locale.o)
 .ARM.attributes
                0x0000076d       0x34 /home/tom/apps/eclipse/plugins/fr.ac6.mcu.externaltools.arm-none.linux64_1.13.1.201703061524/tools/compiler/bin/../lib/gcc/arm-none-eabi/5.4.1/../../../../arm-none-eabi/lib/armv7e-m/fpu/libc_nano.a(lib_a-mbtowc_r.o)
 .ARM.attributes
                0x000007a1       0x34 /home/tom/apps/eclipse/plugins/fr.ac6.mcu.externaltools.arm-none.linux64_1.13.1.201703061524/tools/compiler/bin/../lib/gcc/arm-none-eabi/5.4.1/../../../../arm-none-eabi/lib/armv7e-m/fpu/libc_nano.a(lib_a-mlock.o)
 .ARM.attributes
                0x000007d5       0x34 /home/tom/apps/eclipse/plugins/fr.ac6.mcu.externaltools.arm-none.linux64_1.13.1.201703061524/tools/compiler/bin/../lib/gcc/arm-none-eabi/5.4.1/../../../../arm-none-eabi/lib/armv7e-m/fpu/libc_nano.a(lib_a-reent.o)
 .ARM.attributes
                0x00000809       0x34 /home/tom/apps/eclipse/plugins/fr.ac6.mcu.externaltools.arm-none.linux64_1.13.1.201703061524/tools/compiler/bin/../lib/gcc/arm-none-eabi/5.4.1/../../../../arm-none-eabi/lib/armv7e-m/fpu/libc_nano.a(lib_a-wctomb_r.o)
 .ARM.attributes
                0x0000083d       0x34 /home/tom/apps/eclipse/plugins/fr.ac6.mcu.externaltools.arm-none.linux64_1.13.1.201703061524/tools/compiler/bin/../lib/gcc/arm-none-eabi/5.4.1/../../../../arm-none-eabi/lib/armv7e-m/fpu/libc_nano.a(lib_a-ctype_.o)
 .ARM.attributes
                0x00000871       0x22 /home/tom/apps/eclipse/plugins/fr.ac6.mcu.externaltools.arm-none.linux64_1.13.1.201703061524/tools/compiler/bin/../lib/gcc/arm-none-eabi/5.4.1/armv7e-m/fpu/libgcc.a(_arm_addsubdf3.o)
 .ARM.attributes
                0x00000893       0x22 /home/tom/apps/eclipse/plugins/fr.ac6.mcu.externaltools.arm-none.linux64_1.13.1.201703061524/tools/compiler/bin/../lib/gcc/arm-none-eabi/5.4.1/armv7e-m/fpu/libgcc.a(_arm_muldivdf3.o)
 .ARM.attributes
                0x000008b5       0x22 /home/tom/apps/eclipse/plugins/fr.ac6.mcu.externaltools.arm-none.linux64_1.13.1.201703061524/tools/compiler/bin/../lib/gcc/arm-none-eabi/5.4.1/armv7e-m/fpu/libgcc.a(_arm_cmpdf2.o)
 .ARM.attributes
                0x000008d7       0x22 /home/tom/apps/eclipse/plugins/fr.ac6.mcu.externaltools.arm-none.linux64_1.13.1.201703061524/tools/compiler/bin/../lib/gcc/arm-none-eabi/5.4.1/armv7e-m/fpu/libgcc.a(_arm_unorddf2.o)
 .ARM.attributes
                0x000008f9       0x22 /home/tom/apps/eclipse/plugins/fr.ac6.mcu.externaltools.arm-none.linux64_1.13.1.201703061524/tools/compiler/bin/../lib/gcc/arm-none-eabi/5.4.1/armv7e-m/fpu/libgcc.a(_arm_fixdfsi.o)
 .ARM.attributes
                0x0000091b       0x22 /home/tom/apps/eclipse/plugins/fr.ac6.mcu.externaltools.arm-none.linux64_1.13.1.201703061524/tools/compiler/bin/../lib/gcc/arm-none-eabi/5.4.1/armv7e-m/fpu/crtn.o
OUTPUT(Accel_LEDs.elf elf32-littlearm)

.debug_info     0x00000000     0xc386
 .debug_info    0x00000000      0x8d8 Drivers/STM32F4xx_HAL_Driver/Src/stm32f4xx_hal.o
 .debug_info    0x000008d8      0xd9f Drivers/STM32F4xx_HAL_Driver/Src/stm32f4xx_hal_cortex.o
 .debug_info    0x00001677      0x717 Drivers/STM32F4xx_HAL_Driver/Src/stm32f4xx_hal_gpio.o
 .debug_info    0x00001d8e      0x8c1 Drivers/STM32F4xx_HAL_Driver/Src/stm32f4xx_hal_rcc.o
 .debug_info    0x0000264f     0x15a9 Drivers/STM32F4xx_HAL_Driver/Src/stm32f4xx_hal_spi.o
 .debug_info    0x00003bf8     0x23f5 Drivers/STM32F4xx_HAL_Driver/Src/stm32f4xx_hal_tim.o
 .debug_info    0x00005fed     0x10a0 Drivers/STM32F4xx_HAL_Driver/Src/stm32f4xx_hal_tim_ex.o
 .debug_info    0x0000708d     0x144c Drivers/STM32F4xx_HAL_Driver/Src/stm32f4xx_hal_uart.o
 .debug_info    0x000084d9      0xa23 Src/MY_LIS3DSH.o
 .debug_info    0x00008efc     0x1786 Src/main.o
 .debug_info    0x0000a682      0xd53 Src/stm32f4xx_hal_msp.o
 .debug_info    0x0000b3d5      0x25d Src/stm32f4xx_it.o
 .debug_info    0x0000b632      0x6ca Src/syscalls.o
 .debug_info    0x0000bcfc      0x4f4 Src/system_stm32f4xx.o
 .debug_info    0x0000c1f0      0x124 Src/utils.o
 .debug_info    0x0000c314       0x72 startup/startup_stm32f407xx.o

.debug_abbrev   0x00000000     0x1ae7
 .debug_abbrev  0x00000000      0x1c9 Drivers/STM32F4xx_HAL_Driver/Src/stm32f4xx_hal.o
 .debug_abbrev  0x000001c9      0x2e7 Drivers/STM32F4xx_HAL_Driver/Src/stm32f4xx_hal_cortex.o
 .debug_abbrev  0x000004b0      0x1af Drivers/STM32F4xx_HAL_Driver/Src/stm32f4xx_hal_gpio.o
 .debug_abbrev  0x0000065f      0x243 Drivers/STM32F4xx_HAL_Driver/Src/stm32f4xx_hal_rcc.o
 .debug_abbrev  0x000008a2      0x20b Drivers/STM32F4xx_HAL_Driver/Src/stm32f4xx_hal_spi.o
 .debug_abbrev  0x00000aad      0x1fa Drivers/STM32F4xx_HAL_Driver/Src/stm32f4xx_hal_tim.o
 .debug_abbrev  0x00000ca7      0x202 Drivers/STM32F4xx_HAL_Driver/Src/stm32f4xx_hal_tim_ex.o
 .debug_abbrev  0x00000ea9      0x253 Drivers/STM32F4xx_HAL_Driver/Src/stm32f4xx_hal_uart.o
 .debug_abbrev  0x000010fc      0x1a3 Src/MY_LIS3DSH.o
 .debug_abbrev  0x0000129f      0x2db Src/main.o
 .debug_abbrev  0x0000157a      0x194 Src/stm32f4xx_hal_msp.o
 .debug_abbrev  0x0000170e       0xbe Src/stm32f4xx_it.o
 .debug_abbrev  0x000017cc      0x177 Src/syscalls.o
 .debug_abbrev  0x00001943      0x104 Src/system_stm32f4xx.o
 .debug_abbrev  0x00001a47       0x8e Src/utils.o
 .debug_abbrev  0x00001ad5       0x12 startup/startup_stm32f407xx.o

.debug_aranges  0x00000000      0xe80
 .debug_aranges
                0x00000000       0xf0 Drivers/STM32F4xx_HAL_Driver/Src/stm32f4xx_hal.o
 .debug_aranges
                0x000000f0      0x118 Drivers/STM32F4xx_HAL_Driver/Src/stm32f4xx_hal_cortex.o
 .debug_aranges
                0x00000208       0x58 Drivers/STM32F4xx_HAL_Driver/Src/stm32f4xx_hal_gpio.o
 .debug_aranges
                0x00000260       0x88 Drivers/STM32F4xx_HAL_Driver/Src/stm32f4xx_hal_rcc.o
 .debug_aranges
                0x000002e8      0x1d0 Drivers/STM32F4xx_HAL_Driver/Src/stm32f4xx_hal_spi.o
 .debug_aranges
                0x000004b8      0x3a8 Drivers/STM32F4xx_HAL_Driver/Src/stm32f4xx_hal_tim.o
 .debug_aranges
                0x00000860      0x150 Drivers/STM32F4xx_HAL_Driver/Src/stm32f4xx_hal_tim_ex.o
 .debug_aranges
                0x000009b0      0x1d0 Drivers/STM32F4xx_HAL_Driver/Src/stm32f4xx_hal_uart.o
 .debug_aranges
                0x00000b80       0x60 Src/MY_LIS3DSH.o
 .debug_aranges
                0x00000be0       0xd0 Src/main.o
 .debug_aranges
                0x00000cb0       0x48 Src/stm32f4xx_hal_msp.o
 .debug_aranges
                0x00000cf8       0x60 Src/stm32f4xx_it.o
 .debug_aranges
                0x00000d58       0xb0 Src/syscalls.o
 .debug_aranges
                0x00000e08       0x28 Src/system_stm32f4xx.o
 .debug_aranges
                0x00000e30       0x28 Src/utils.o
 .debug_aranges
                0x00000e58       0x28 startup/startup_stm32f407xx.o

.debug_ranges   0x00000000      0xd88
 .debug_ranges  0x00000000       0xe0 Drivers/STM32F4xx_HAL_Driver/Src/stm32f4xx_hal.o
 .debug_ranges  0x000000e0      0x108 Drivers/STM32F4xx_HAL_Driver/Src/stm32f4xx_hal_cortex.o
 .debug_ranges  0x000001e8       0x48 Drivers/STM32F4xx_HAL_Driver/Src/stm32f4xx_hal_gpio.o
 .debug_ranges  0x00000230       0x78 Drivers/STM32F4xx_HAL_Driver/Src/stm32f4xx_hal_rcc.o
 .debug_ranges  0x000002a8      0x1c0 Drivers/STM32F4xx_HAL_Driver/Src/stm32f4xx_hal_spi.o
 .debug_ranges  0x00000468      0x398 Drivers/STM32F4xx_HAL_Driver/Src/stm32f4xx_hal_tim.o
 .debug_ranges  0x00000800      0x140 Drivers/STM32F4xx_HAL_Driver/Src/stm32f4xx_hal_tim_ex.o
 .debug_ranges  0x00000940      0x1c0 Drivers/STM32F4xx_HAL_Driver/Src/stm32f4xx_hal_uart.o
 .debug_ranges  0x00000b00       0x50 Src/MY_LIS3DSH.o
 .debug_ranges  0x00000b50       0xc0 Src/main.o
 .debug_ranges  0x00000c10       0x38 Src/stm32f4xx_hal_msp.o
 .debug_ranges  0x00000c48       0x50 Src/stm32f4xx_it.o
 .debug_ranges  0x00000c98       0xa0 Src/syscalls.o
 .debug_ranges  0x00000d38       0x18 Src/system_stm32f4xx.o
 .debug_ranges  0x00000d50       0x18 Src/utils.o
 .debug_ranges  0x00000d68       0x20 startup/startup_stm32f407xx.o

.debug_macro    0x00000000    0x21c90
 .debug_macro   0x00000000      0x238 Drivers/STM32F4xx_HAL_Driver/Src/stm32f4xx_hal.o
 .debug_macro   0x00000238      0x898 Drivers/STM32F4xx_HAL_Driver/Src/stm32f4xx_hal.o
 .debug_macro   0x00000ad0      0x190 Drivers/STM32F4xx_HAL_Driver/Src/stm32f4xx_hal.o
 .debug_macro   0x00000c60       0x32 Drivers/STM32F4xx_HAL_Driver/Src/stm32f4xx_hal.o
 .debug_macro   0x00000c92       0x2f Drivers/STM32F4xx_HAL_Driver/Src/stm32f4xx_hal.o
 .debug_macro   0x00000cc1       0x22 Drivers/STM32F4xx_HAL_Driver/Src/stm32f4xx_hal.o
 .debug_macro   0x00000ce3       0x87 Drivers/STM32F4xx_HAL_Driver/Src/stm32f4xx_hal.o
 .debug_macro   0x00000d6a       0x44 Drivers/STM32F4xx_HAL_Driver/Src/stm32f4xx_hal.o
 .debug_macro   0x00000dae       0xfd Drivers/STM32F4xx_HAL_Driver/Src/stm32f4xx_hal.o
 .debug_macro   0x00000eab       0x5e Drivers/STM32F4xx_HAL_Driver/Src/stm32f4xx_hal.o
 .debug_macro   0x00000f09      0x1df Drivers/STM32F4xx_HAL_Driver/Src/stm32f4xx_hal.o
 .debug_macro   0x000010e8       0x1c Drivers/STM32F4xx_HAL_Driver/Src/stm32f4xx_hal.o
 .debug_macro   0x00001104       0x22 Drivers/STM32F4xx_HAL_Driver/Src/stm32f4xx_hal.o
 .debug_macro   0x00001126       0xdf Drivers/STM32F4xx_HAL_Driver/Src/stm32f4xx_hal.o
 .debug_macro   0x00001205     0x102d Drivers/STM32F4xx_HAL_Driver/Src/stm32f4xx_hal.o
 .debug_macro   0x00002232      0x11f Drivers/STM32F4xx_HAL_Driver/Src/stm32f4xx_hal.o
 .debug_macro   0x00002351    0x15e3c Drivers/STM32F4xx_HAL_Driver/Src/stm32f4xx_hal.o
 .debug_macro   0x0001818d       0x43 Drivers/STM32F4xx_HAL_Driver/Src/stm32f4xx_hal.o
 .debug_macro   0x000181d0     0x3652 Drivers/STM32F4xx_HAL_Driver/Src/stm32f4xx_hal.o
 .debug_macro   0x0001b822      0x174 Drivers/STM32F4xx_HAL_Driver/Src/stm32f4xx_hal.o
 .debug_macro   0x0001b996       0x4e Drivers/STM32F4xx_HAL_Driver/Src/stm32f4xx_hal.o
 .debug_macro   0x0001b9e4      0x96b Drivers/STM32F4xx_HAL_Driver/Src/stm32f4xx_hal.o
 .debug_macro   0x0001c34f      0x9fe Drivers/STM32F4xx_HAL_Driver/Src/stm32f4xx_hal.o
 .debug_macro   0x0001cd4d      0x174 Drivers/STM32F4xx_HAL_Driver/Src/stm32f4xx_hal.o
 .debug_macro   0x0001cec1      0x117 Drivers/STM32F4xx_HAL_Driver/Src/stm32f4xx_hal.o
 .debug_macro   0x0001cfd8      0x13e Drivers/STM32F4xx_HAL_Driver/Src/stm32f4xx_hal.o
 .debug_macro   0x0001d116       0x27 Drivers/STM32F4xx_HAL_Driver/Src/stm32f4xx_hal.o
 .debug_macro   0x0001d13d      0x287 Drivers/STM32F4xx_HAL_Driver/Src/stm32f4xx_hal.o
 .debug_macro   0x0001d3c4       0x5f Drivers/STM32F4xx_HAL_Driver/Src/stm32f4xx_hal.o
 .debug_macro   0x0001d423      0x236 Drivers/STM32F4xx_HAL_Driver/Src/stm32f4xx_hal.o
 .debug_macro   0x0001d659      0x12c Drivers/STM32F4xx_HAL_Driver/Src/stm32f4xx_hal.o
 .debug_macro   0x0001d785      0x21e Drivers/STM32F4xx_HAL_Driver/Src/stm32f4xx_hal.o
 .debug_macro   0x0001d9a3       0x2e Drivers/STM32F4xx_HAL_Driver/Src/stm32f4xx_hal.o
 .debug_macro   0x0001d9d1      0x11a Drivers/STM32F4xx_HAL_Driver/Src/stm32f4xx_hal.o
 .debug_macro   0x0001daeb       0x7e Drivers/STM32F4xx_HAL_Driver/Src/stm32f4xx_hal.o
 .debug_macro   0x0001db69       0x89 Drivers/STM32F4xx_HAL_Driver/Src/stm32f4xx_hal.o
 .debug_macro   0x0001dbf2      0x225 Drivers/STM32F4xx_HAL_Driver/Src/stm32f4xx_hal.o
 .debug_macro   0x0001de17      0x8a0 Drivers/STM32F4xx_HAL_Driver/Src/stm32f4xx_hal.o
 .debug_macro   0x0001e6b7       0x47 Drivers/STM32F4xx_HAL_Driver/Src/stm32f4xx_hal.o
 .debug_macro   0x0001e6fe      0x287 Drivers/STM32F4xx_HAL_Driver/Src/stm32f4xx_hal.o
 .debug_macro   0x0001e985      0x12d Drivers/STM32F4xx_HAL_Driver/Src/stm32f4xx_hal.o
 .debug_macro   0x0001eab2      0x1d8 Drivers/STM32F4xx_HAL_Driver/Src/stm32f4xx_hal_cortex.o
 .debug_macro   0x0001ec8a      0x20e Drivers/STM32F4xx_HAL_Driver/Src/stm32f4xx_hal_gpio.o
 .debug_macro   0x0001ee98      0x1fc Drivers/STM32F4xx_HAL_Driver/Src/stm32f4xx_hal_rcc.o
 .debug_macro   0x0001f094      0x1e7 Drivers/STM32F4xx_HAL_Driver/Src/stm32f4xx_hal_spi.o
 .debug_macro   0x0001f27b      0x1d9 Drivers/STM32F4xx_HAL_Driver/Src/stm32f4xx_hal_tim.o
 .debug_macro   0x0001f454      0x1d8 Drivers/STM32F4xx_HAL_Driver/Src/stm32f4xx_hal_tim_ex.o
 .debug_macro   0x0001f62c      0x1d9 Drivers/STM32F4xx_HAL_Driver/Src/stm32f4xx_hal_uart.o
 .debug_macro   0x0001f805      0x2a9 Src/MY_LIS3DSH.o
 .debug_macro   0x0001faae       0x22 Src/MY_LIS3DSH.o
 .debug_macro   0x0001fad0       0x52 Src/MY_LIS3DSH.o
 .debug_macro   0x0001fb22       0x35 Src/MY_LIS3DSH.o
 .debug_macro   0x0001fb57       0x9c Src/MY_LIS3DSH.o
 .debug_macro   0x0001fbf3       0x52 Src/MY_LIS3DSH.o
 .debug_macro   0x0001fc45       0x1f Src/MY_LIS3DSH.o
 .debug_macro   0x0001fc64       0x43 Src/MY_LIS3DSH.o
 .debug_macro   0x0001fca7       0x20 Src/MY_LIS3DSH.o
 .debug_macro   0x0001fcc7      0x187 Src/MY_LIS3DSH.o
 .debug_macro   0x0001fe4e      0x307 Src/MY_LIS3DSH.o
 .debug_macro   0x00020155       0x10 Src/MY_LIS3DSH.o
 .debug_macro   0x00020165       0x35 Src/MY_LIS3DSH.o
 .debug_macro   0x0002019a      0x112 Src/MY_LIS3DSH.o
 .debug_macro   0x000202ac      0x358 Src/main.o
 .debug_macro   0x00020604       0x28 Src/main.o
 .debug_macro   0x0002062c       0x1c Src/main.o
 .debug_macro   0x00020648       0x10 Src/main.o
 .debug_macro   0x00020658       0x10 Src/main.o
 .debug_macro   0x00020668       0x1c Src/main.o
 .debug_macro   0x00020684       0x52 Src/main.o
 .debug_macro   0x000206d6       0x40 Src/main.o
 .debug_macro   0x00020716       0x10 Src/main.o
 .debug_macro   0x00020726       0x40 Src/main.o
 .debug_macro   0x00020766       0xd7 Src/main.o
 .debug_macro   0x0002083d       0x16 Src/main.o
 .debug_macro   0x00020853      0x18b Src/main.o
 .debug_macro   0x000209de      0x1e7 Src/stm32f4xx_hal_msp.o
 .debug_macro   0x00020bc5      0x1f1 Src/stm32f4xx_it.o
 .debug_macro   0x00020db6      0x22b Src/syscalls.o
 .debug_macro   0x00020fe1       0x4c Src/syscalls.o
 .debug_macro   0x0002102d       0x8d Src/syscalls.o
 .debug_macro   0x000210ba       0x4a Src/syscalls.o
 .debug_macro   0x00021104      0x30d Src/syscalls.o
 .debug_macro   0x00021411       0x10 Src/syscalls.o
 .debug_macro   0x00021421       0x10 Src/syscalls.o
 .debug_macro   0x00021431       0x10 Src/syscalls.o
 .debug_macro   0x00021441       0x35 Src/syscalls.o
 .debug_macro   0x00021476      0x122 Src/syscalls.o
 .debug_macro   0x00021598       0x16 Src/syscalls.o
 .debug_macro   0x000215ae       0x16 Src/syscalls.o
 .debug_macro   0x000215c4       0x29 Src/syscalls.o
 .debug_macro   0x000215ed       0x10 Src/syscalls.o
 .debug_macro   0x000215fd      0x241 Src/syscalls.o
 .debug_macro   0x0002183e       0x10 Src/syscalls.o
 .debug_macro   0x0002184e      0x159 Src/syscalls.o
 .debug_macro   0x000219a7       0x16 Src/syscalls.o
 .debug_macro   0x000219bd       0x88 Src/syscalls.o
 .debug_macro   0x00021a45      0x1de Src/system_stm32f4xx.o
 .debug_macro   0x00021c23       0x6d Src/utils.o

.debug_line     0x00000000     0x9ced
 .debug_line    0x00000000      0x8d8 Drivers/STM32F4xx_HAL_Driver/Src/stm32f4xx_hal.o
 .debug_line    0x000008d8      0x9ff Drivers/STM32F4xx_HAL_Driver/Src/stm32f4xx_hal_cortex.o
 .debug_line    0x000012d7      0x8b7 Drivers/STM32F4xx_HAL_Driver/Src/stm32f4xx_hal_gpio.o
 .debug_line    0x00001b8e      0x930 Drivers/STM32F4xx_HAL_Driver/Src/stm32f4xx_hal_rcc.o
 .debug_line    0x000024be     0x1085 Drivers/STM32F4xx_HAL_Driver/Src/stm32f4xx_hal_spi.o
 .debug_line    0x00003543     0x1951 Drivers/STM32F4xx_HAL_Driver/Src/stm32f4xx_hal_tim.o
 .debug_line    0x00004e94      0xcee Drivers/STM32F4xx_HAL_Driver/Src/stm32f4xx_hal_tim_ex.o
 .debug_line    0x00005b82      0xfb8 Drivers/STM32F4xx_HAL_Driver/Src/stm32f4xx_hal_uart.o
 .debug_line    0x00006b3a      0x848 Src/MY_LIS3DSH.o
 .debug_line    0x00007382      0xa73 Src/main.o
 .debug_line    0x00007df5      0x73e Src/stm32f4xx_hal_msp.o
 .debug_line    0x00008533      0x772 Src/stm32f4xx_it.o
 .debug_line    0x00008ca5      0x5c9 Src/syscalls.o
 .debug_line    0x0000926e      0x6e9 Src/system_stm32f4xx.o
 .debug_line    0x00009957      0x317 Src/utils.o
 .debug_line    0x00009c6e       0x7f startup/startup_stm32f407xx.o

.debug_str      0x00000000    0xcb7c5
 .debug_str     0x00000000    0xc334c Drivers/STM32F4xx_HAL_Driver/Src/stm32f4xx_hal.o
                              0xc36d0 (size before relaxing)
 .debug_str     0x000c334c      0x3f7 Drivers/STM32F4xx_HAL_Driver/Src/stm32f4xx_hal_cortex.o
                              0xc3440 (size before relaxing)
 .debug_str     0x000c3743      0x292 Drivers/STM32F4xx_HAL_Driver/Src/stm32f4xx_hal_gpio.o
                              0xc2dc3 (size before relaxing)
 .debug_str     0x000c39d5      0x3ab Drivers/STM32F4xx_HAL_Driver/Src/stm32f4xx_hal_rcc.o
                              0xc2fa8 (size before relaxing)
 .debug_str     0x000c3d80      0x956 Drivers/STM32F4xx_HAL_Driver/Src/stm32f4xx_hal_spi.o
                              0xc3402 (size before relaxing)
 .debug_str     0x000c46d6      0xf17 Drivers/STM32F4xx_HAL_Driver/Src/stm32f4xx_hal_tim.o
                              0xc3c7e (size before relaxing)
 .debug_str     0x000c55ed      0x4ec Drivers/STM32F4xx_HAL_Driver/Src/stm32f4xx_hal_tim_ex.o
                              0xc347e (size before relaxing)
 .debug_str     0x000c5ad9      0x675 Drivers/STM32F4xx_HAL_Driver/Src/stm32f4xx_hal_uart.o
                              0xc3506 (size before relaxing)
 .debug_str     0x000c614e     0x2f48 Src/MY_LIS3DSH.o
                              0xc5dc0 (size before relaxing)
 .debug_str     0x000c9096     0x141d Src/main.o
                              0xc7b1c (size before relaxing)
 .debug_str     0x000ca4b3       0x39 Src/stm32f4xx_hal_msp.o
                              0xc32c0 (size before relaxing)
 .debug_str     0x000ca4ec       0xb8 Src/stm32f4xx_it.o
                              0xc2b3b (size before relaxing)
 .debug_str     0x000ca5a4     0x1189 Src/syscalls.o
                               0x7736 (size before relaxing)
 .debug_str     0x000cb72d       0x5a Src/system_stm32f4xx.o
                              0xc2bab (size before relaxing)
 .debug_str     0x000cb787       0x3e Src/utils.o
                               0x3440 (size before relaxing)

.comment        0x00000000       0x6e
 .comment       0x00000000       0x6e Drivers/STM32F4xx_HAL_Driver/Src/stm32f4xx_hal.o
                                 0x6f (size before relaxing)
 .comment       0x0000006e       0x6f Drivers/STM32F4xx_HAL_Driver/Src/stm32f4xx_hal_cortex.o
 .comment       0x0000006e       0x6f Drivers/STM32F4xx_HAL_Driver/Src/stm32f4xx_hal_gpio.o
 .comment       0x0000006e       0x6f Drivers/STM32F4xx_HAL_Driver/Src/stm32f4xx_hal_rcc.o
 .comment       0x0000006e       0x6f Drivers/STM32F4xx_HAL_Driver/Src/stm32f4xx_hal_spi.o
 .comment       0x0000006e       0x6f Drivers/STM32F4xx_HAL_Driver/Src/stm32f4xx_hal_tim.o
 .comment       0x0000006e       0x6f Drivers/STM32F4xx_HAL_Driver/Src/stm32f4xx_hal_tim_ex.o
 .comment       0x0000006e       0x6f Drivers/STM32F4xx_HAL_Driver/Src/stm32f4xx_hal_uart.o
 .comment       0x0000006e       0x6f Src/MY_LIS3DSH.o
 .comment       0x0000006e       0x6f Src/main.o
 .comment       0x0000006e       0x6f Src/stm32f4xx_hal_msp.o
 .comment       0x0000006e       0x6f Src/stm32f4xx_it.o
 .comment       0x0000006e       0x6f Src/syscalls.o
 .comment       0x0000006e       0x6f Src/system_stm32f4xx.o
 .comment       0x0000006e       0x6f Src/utils.o

.debug_frame    0x00000000     0x438c
 .debug_frame   0x00000000      0x374 Drivers/STM32F4xx_HAL_Driver/Src/stm32f4xx_hal.o
 .debug_frame   0x00000374      0x498 Drivers/STM32F4xx_HAL_Driver/Src/stm32f4xx_hal_cortex.o
 .debug_frame   0x0000080c      0x14c Drivers/STM32F4xx_HAL_Driver/Src/stm32f4xx_hal_gpio.o
 .debug_frame   0x00000958      0x1f8 Drivers/STM32F4xx_HAL_Driver/Src/stm32f4xx_hal_rcc.o
 .debug_frame   0x00000b50      0x824 Drivers/STM32F4xx_HAL_Driver/Src/stm32f4xx_hal_spi.o
 .debug_frame   0x00001374     0x10f0 Drivers/STM32F4xx_HAL_Driver/Src/stm32f4xx_hal_tim.o
 .debug_frame   0x00002464      0x5c0 Drivers/STM32F4xx_HAL_Driver/Src/stm32f4xx_hal_tim_ex.o
 .debug_frame   0x00002a24      0x838 Drivers/STM32F4xx_HAL_Driver/Src/stm32f4xx_hal_uart.o
 .debug_frame   0x0000325c      0x160 Src/MY_LIS3DSH.o
 .debug_frame   0x000033bc      0x340 Src/main.o
 .debug_frame   0x000036fc       0xf0 Src/stm32f4xx_hal_msp.o
 .debug_frame   0x000037ec      0x10c Src/stm32f4xx_it.o
 .debug_frame   0x000038f8      0x2d4 Src/syscalls.o
 .debug_frame   0x00003bcc       0x58 Src/system_stm32f4xx.o
 .debug_frame   0x00003c24       0x60 Src/utils.o
 .debug_frame   0x00003c84       0x2c /home/tom/apps/eclipse/plugins/fr.ac6.mcu.externaltools.arm-none.linux64_1.13.1.201703061524/tools/compiler/bin/../lib/gcc/arm-none-eabi/5.4.1/armv7e-m/fpu/libgcc.a(_aeabi_uldivmod.o)
 .debug_frame   0x00003cb0       0x34 /home/tom/apps/eclipse/plugins/fr.ac6.mcu.externaltools.arm-none.linux64_1.13.1.201703061524/tools/compiler/bin/../lib/gcc/arm-none-eabi/5.4.1/armv7e-m/fpu/libgcc.a(_udivmoddi4.o)
 .debug_frame   0x00003ce4       0x20 /home/tom/apps/eclipse/plugins/fr.ac6.mcu.externaltools.arm-none.linux64_1.13.1.201703061524/tools/compiler/bin/../lib/gcc/arm-none-eabi/5.4.1/../../../../arm-none-eabi/lib/armv7e-m/fpu/libc_nano.a(lib_a-errno.o)
 .debug_frame   0x00003d04       0x2c /home/tom/apps/eclipse/plugins/fr.ac6.mcu.externaltools.arm-none.linux64_1.13.1.201703061524/tools/compiler/bin/../lib/gcc/arm-none-eabi/5.4.1/../../../../arm-none-eabi/lib/armv7e-m/fpu/libc_nano.a(lib_a-init.o)
 .debug_frame   0x00003d30       0x28 /home/tom/apps/eclipse/plugins/fr.ac6.mcu.externaltools.arm-none.linux64_1.13.1.201703061524/tools/compiler/bin/../lib/gcc/arm-none-eabi/5.4.1/../../../../arm-none-eabi/lib/armv7e-m/fpu/libc_nano.a(lib_a-memcpy-stub.o)
 .debug_frame   0x00003d58       0x20 /home/tom/apps/eclipse/plugins/fr.ac6.mcu.externaltools.arm-none.linux64_1.13.1.201703061524/tools/compiler/bin/../lib/gcc/arm-none-eabi/5.4.1/../../../../arm-none-eabi/lib/armv7e-m/fpu/libc_nano.a(lib_a-memset.o)
 .debug_frame   0x00003d78       0x88 /home/tom/apps/eclipse/plugins/fr.ac6.mcu.externaltools.arm-none.linux64_1.13.1.201703061524/tools/compiler/bin/../lib/gcc/arm-none-eabi/5.4.1/../../../../arm-none-eabi/lib/armv7e-m/fpu/libc_nano.a(lib_a-nano-vfprintf_float.o)
 .debug_frame   0x00003e00       0x60 /home/tom/apps/eclipse/plugins/fr.ac6.mcu.externaltools.arm-none.linux64_1.13.1.201703061524/tools/compiler/bin/../lib/gcc/arm-none-eabi/5.4.1/../../../../arm-none-eabi/lib/armv7e-m/fpu/libc_nano.a(lib_a-nano-vfprintf_i.o)
 .debug_frame   0x00003e60       0x6c /home/tom/apps/eclipse/plugins/fr.ac6.mcu.externaltools.arm-none.linux64_1.13.1.201703061524/tools/compiler/bin/../lib/gcc/arm-none-eabi/5.4.1/../../../../arm-none-eabi/lib/armv7e-m/fpu/libc_nano.a(lib_a-dtoa.o)
 .debug_frame   0x00003ecc       0x40 /home/tom/apps/eclipse/plugins/fr.ac6.mcu.externaltools.arm-none.linux64_1.13.1.201703061524/tools/compiler/bin/../lib/gcc/arm-none-eabi/5.4.1/../../../../arm-none-eabi/lib/armv7e-m/fpu/libc_nano.a(lib_a-localeconv.o)
 .debug_frame   0x00003f0c       0x30 /home/tom/apps/eclipse/plugins/fr.ac6.mcu.externaltools.arm-none.linux64_1.13.1.201703061524/tools/compiler/bin/../lib/gcc/arm-none-eabi/5.4.1/../../../../arm-none-eabi/lib/armv7e-m/fpu/libc_nano.a(lib_a-malloc.o)
 .debug_frame   0x00003f3c      0x238 /home/tom/apps/eclipse/plugins/fr.ac6.mcu.externaltools.arm-none.linux64_1.13.1.201703061524/tools/compiler/bin/../lib/gcc/arm-none-eabi/5.4.1/../../../../arm-none-eabi/lib/armv7e-m/fpu/libc_nano.a(lib_a-mprec.o)
 .debug_frame   0x00004174       0x2c /home/tom/apps/eclipse/plugins/fr.ac6.mcu.externaltools.arm-none.linux64_1.13.1.201703061524/tools/compiler/bin/../lib/gcc/arm-none-eabi/5.4.1/../../../../arm-none-eabi/lib/armv7e-m/fpu/libc_nano.a(lib_a-nano-callocr.o)
 .debug_frame   0x000041a0       0x2c /home/tom/apps/eclipse/plugins/fr.ac6.mcu.externaltools.arm-none.linux64_1.13.1.201703061524/tools/compiler/bin/../lib/gcc/arm-none-eabi/5.4.1/../../../../arm-none-eabi/lib/armv7e-m/fpu/libc_nano.a(lib_a-nano-mallocr.o)
 .debug_frame   0x000041cc       0x2c /home/tom/apps/eclipse/plugins/fr.ac6.mcu.externaltools.arm-none.linux64_1.13.1.201703061524/tools/compiler/bin/../lib/gcc/arm-none-eabi/5.4.1/../../../../arm-none-eabi/lib/armv7e-m/fpu/libc_nano.a(lib_a-sbrkr.o)
 .debug_frame   0x000041f8       0x88 /home/tom/apps/eclipse/plugins/fr.ac6.mcu.externaltools.arm-none.linux64_1.13.1.201703061524/tools/compiler/bin/../lib/gcc/arm-none-eabi/5.4.1/../../../../arm-none-eabi/lib/armv7e-m/fpu/libc_nano.a(lib_a-locale.o)
 .debug_frame   0x00004280       0x44 /home/tom/apps/eclipse/plugins/fr.ac6.mcu.externaltools.arm-none.linux64_1.13.1.201703061524/tools/compiler/bin/../lib/gcc/arm-none-eabi/5.4.1/../../../../arm-none-eabi/lib/armv7e-m/fpu/libc_nano.a(lib_a-mbtowc_r.o)
 .debug_frame   0x000042c4       0x30 /home/tom/apps/eclipse/plugins/fr.ac6.mcu.externaltools.arm-none.linux64_1.13.1.201703061524/tools/compiler/bin/../lib/gcc/arm-none-eabi/5.4.1/../../../../arm-none-eabi/lib/armv7e-m/fpu/libc_nano.a(lib_a-mlock.o)
 .debug_frame   0x000042f4       0x5c /home/tom/apps/eclipse/plugins/fr.ac6.mcu.externaltools.arm-none.linux64_1.13.1.201703061524/tools/compiler/bin/../lib/gcc/arm-none-eabi/5.4.1/../../../../arm-none-eabi/lib/armv7e-m/fpu/libc_nano.a(lib_a-reent.o)
 .debug_frame   0x00004350       0x3c /home/tom/apps/eclipse/plugins/fr.ac6.mcu.externaltools.arm-none.linux64_1.13.1.201703061524/tools/compiler/bin/../lib/gcc/arm-none-eabi/5.4.1/../../../../arm-none-eabi/lib/armv7e-m/fpu/libc_nano.a(lib_a-wctomb_r.o)
